ARM Linker, 5.03 [Build 76] [MDK-ARM Professional]

==============================================================================

Section Cross References

    main.o(.text) refers to _printf_percent.o(.ARM.Collect$$_printf_percent$$00000000) for _printf_percent
    main.o(.text) refers to _printf_s.o(.ARM.Collect$$_printf_percent$$00000014) for _printf_s
    main.o(.text) refers to _printf_str.o(.text) for _printf_str
    main.o(.text) refers to ff.o(.text) for f_open
    main.o(.text) refers to lcd.o(.text) for LCD_ShowString
    main.o(.text) refers to text.o(.text) for Show_Str
    main.o(.text) refers to rt_memcpy_w.o(.text) for __aeabi_memcpy4
    main.o(.text) refers to system_stm32f10x.o(.text) for SystemInit
    main.o(.text) refers to delay.o(.text) for delay_init
    main.o(.text) refers to sys.o(.text) for NVIC_Configuration
    main.o(.text) refers to usart.o(.text) for uart_init
    main.o(.text) refers to led.o(.text) for LED_Init
    main.o(.text) refers to key.o(.text) for KEY_Init
    main.o(.text) refers to flash.o(.text) for SPI_Flash_Init
    main.o(.text) refers to ad24.o(.text) for ADC24_Configtion
    main.o(.text) refers to fontupd.o(.text) for update_font
    main.o(.text) refers to dflt_clz.o(x$fpl$dfltu) for __aeabi_ui2d
    main.o(.text) refers to ddiv.o(x$fpl$ddiv) for __aeabi_ddiv
    main.o(.text) refers to dfixu.o(x$fpl$dfixu) for __aeabi_d2uiz
    main.o(.text) refers to noretval__2printf.o(.text) for __2printf
    main.o(.text) refers to exfuns.o(.data) for bw
    main.o(.text) refers to main.o(.bss) for ADC_Capture_Data
    main.o(.text) refers to lcd.o(.data) for POINT_COLOR
    system_stm32f10x.o(.text) refers to system_stm32f10x.o(.data) for SystemCoreClock
    led.o(.text) refers to stm32f10x_rcc.o(.text) for RCC_APB2PeriphClockCmd
    led.o(.text) refers to stm32f10x_gpio.o(.text) for GPIO_Init
    key.o(.text) refers to stm32f10x_rcc.o(.text) for RCC_APB2PeriphClockCmd
    key.o(.text) refers to stm32f10x_gpio.o(.text) for GPIO_Init
    key.o(.text) refers to delay.o(.text) for delay_ms
    key.o(.text) refers to key.o(.data) for key_up
    lcd.o(.text) refers to _printf_percent.o(.ARM.Collect$$_printf_percent$$00000000) for _printf_percent
    lcd.o(.text) refers to _printf_x.o(.ARM.Collect$$_printf_percent$$0000000C) for _printf_x
    lcd.o(.text) refers to _printf_hex_int.o(.text) for _printf_longlong_hex
    lcd.o(.text) refers to delay.o(.text) for delay_us
    lcd.o(.text) refers to lcd.o(i.LCD_SetCursor) for LCD_SetCursor
    lcd.o(.text) refers to lcd.o(.data) for DeviceCode
    lcd.o(.text) refers to stm32f10x_rcc.o(.text) for RCC_APB2PeriphClockCmd
    lcd.o(.text) refers to stm32f10x_gpio.o(.text) for GPIO_PinRemapConfig
    lcd.o(.text) refers to noretval__2printf.o(.text) for __2printf
    lcd.o(.text) refers to lcd.o(.constdata) for asc2_1206
    adc.o(.text) refers to stm32f10x_rcc.o(.text) for RCC_APB2PeriphClockCmd
    adc.o(.text) refers to stm32f10x_gpio.o(.text) for GPIO_Init
    adc.o(.text) refers to stm32f10x_adc.o(.text) for ADC_DeInit
    spi.o(.text) refers to stm32f10x_spi.o(.text) for SPI_I2S_GetFlagStatus
    spi.o(.text) refers to stm32f10x_rcc.o(.text) for RCC_APB2PeriphClockCmd
    spi.o(.text) refers to stm32f10x_gpio.o(.text) for GPIO_Init
    spi.o(.text) refers to spi.o(.bss) for SPI_InitStructure
    mmc_sd.o(.text) refers to spi.o(.text) for SPIx_ReadWriteByte
    mmc_sd.o(.text) refers to stm32f10x_rcc.o(.text) for RCC_APB2PeriphClockCmd
    mmc_sd.o(.text) refers to stm32f10x_gpio.o(.text) for GPIO_Init
    mmc_sd.o(.text) refers to mmc_sd.o(.data) for SD_Type
    flash.o(.text) refers to stm32f10x_gpio.o(.text) for GPIO_Init
    flash.o(.text) refers to spi.o(.text) for SPIx_Init
    flash.o(.text) refers to delay.o(.text) for delay_us
    flash.o(.text) refers to flash.o(.bss) for SPI_FLASH_BUF
    ad24.o(.text) refers to stm32f10x_rcc.o(.text) for RCC_APB2PeriphClockCmd
    ad24.o(.text) refers to stm32f10x_gpio.o(.text) for GPIO_Init
    ad24.o(.text) refers to delay.o(.text) for delay_us
    delay.o(.text) refers to misc.o(.text) for SysTick_CLKSourceConfig
    delay.o(.text) refers to delay.o(.data) for fac_us
    sys.o(.text) refers to misc.o(.text) for NVIC_PriorityGroupConfig
    usart.o(.text) refers (Special) to use_no_semi_2.o(.text) for __use_no_semihosting
    usart.o(.text) refers to stm32f10x_rcc.o(.text) for RCC_APB2PeriphClockCmd
    usart.o(.text) refers to stm32f10x_gpio.o(.text) for GPIO_Init
    usart.o(.text) refers to misc.o(.text) for NVIC_Init
    usart.o(.text) refers to stm32f10x_usart.o(.text) for USART_Init
    usart.o(.text) refers to usart.o(.data) for USART_RX_STA
    usart.o(.text) refers to usart.o(.bss) for USART_RX_BUF
    usart.o(.bss) refers (Special) to use_no_semi_2.o(.text) for __use_no_semihosting
    usart.o(.data) refers (Special) to use_no_semi_2.o(.text) for __use_no_semihosting
    startup_stm32f10x_md.o(STACK) refers (Special) to heapauxi.o(.text) for __use_two_region_memory
[...]
    ../clib/angel/startup.s                  0x00000000   Number         0  __main.o ABSOLUTE
    ../clib/angel/sys.s                      0x00000000   Number         0  sys_stackheap_outer.o ABSOLUTE
    ../clib/angel/sys.s                      0x00000000   Number         0  libspace.o ABSOLUTE
    ../clib/angel/sys.s                      0x00000000   Number         0  use_no_semi.o ABSOLUTE
    ../clib/angel/sys.s                      0x00000000   Number         0  indicate_semi.o ABSOLUTE
    ../clib/angel/sys.s                      0x00000000   Number         0  use_no_semi_2.o ABSOLUTE
    ../clib/angel/sysapp.c                   0x00000000   Number         0  sys_wrch.o ABSOLUTE
    ../clib/angel/sysapp.c                   0x00000000   Number         0  sys_command.o ABSOLUTE
    ../clib/armsys.c                         0x00000000   Number         0  no_argv.o ABSOLUTE
    ../clib/armsys.c                         0x00000000   Number         0  _get_argv_nomalloc.o ABSOLUTE
    ../clib/armsys.c                         0x00000000   Number         0  argv_veneer.o ABSOLUTE
    ../clib/armsys.c                         0x00000000   Number         0  argv_veneer.o ABSOLUTE
    ../clib/heapalloc.c                      0x00000000   Number         0  hrguard.o ABSOLUTE
    ../clib/heapaux.c                        0x00000000   Number         0  heapauxi.o ABSOLUTE
    ../clib/libinit.s                        0x00000000   Number         0  libshutdown2.o ABSOLUTE
    ../clib/libinit.s                        0x00000000   Number         0  libinit2.o ABSOLUTE
    ../clib/libinit.s                        0x00000000   Number         0  libshutdown.o ABSOLUTE
    ../clib/libinit.s                        0x00000000   Number         0  libinit.o ABSOLUTE
    ../clib/memcpset.s                       0x00000000   Number         0  strcmpv7m.o ABSOLUTE
    ../clib/memcpset.s                       0x00000000   Number         0  rt_memcpy_w.o ABSOLUTE
    ../clib/printf.c                         0x00000000   Number         0  _printf_hex_ll.o ABSOLUTE
    ../clib/printf.c                         0x00000000   Number         0  __printf_nopercent.o ABSOLUTE
    ../clib/printf.c                         0x00000000   Number         0  _printf_hex_int.o ABSOLUTE
    ../clib/printf.c                         0x00000000   Number         0  _printf_str.o ABSOLUTE
    ../clib/printf.c                         0x00000000   Number         0  __printf.o ABSOLUTE
    ../clib/printf.c                         0x00000000   Number         0  _printf_hex_int_ll_ptr.o ABSOLUTE
    ../clib/printf.c                         0x00000000   Number         0  _printf_hex_int_ll.o ABSOLUTE
    ../clib/printf.c                         0x00000000   Number         0  _printf_hex_ptr.o ABSOLUTE
    ../clib/printf.c                         0x00000000   Number         0  _printf_hex_int_ptr.o ABSOLUTE
    ../clib/printf.c                         0x00000000   Number         0  _printf_hex_ll_ptr.o ABSOLUTE
    ../clib/printf.c                         0x00000000   Number         0  __printf_flags.o ABSOLUTE
    ../clib/printf.c                         0x00000000   Number         0  __printf_ss.o ABSOLUTE
    ../clib/printf.c                         0x00000000   Number         0  __printf_flags_ss.o ABSOLUTE
    ../clib/printf.c                         0x00000000   Number         0  _printf_char_common.o ABSOLUTE
    ../clib/printf.c                         0x00000000   Number         0  __printf_wp.o ABSOLUTE
    ../clib/printf.c                         0x00000000   Number         0  __printf_flags_wp.o ABSOLUTE
    ../clib/printf.c                         0x00000000   Number         0  __printf_ss_wp.o ABSOLUTE
    ../clib/printf.c                         0x00000000   Number         0  __printf_flags_ss_wp.o ABSOLUTE
    ../clib/printf.c                         0x00000000   Number         0  _printf_char.o ABSOLUTE
    ../clib/printf.c                         0x00000000   Number         0  _printf_intcommon.o ABSOLUTE
    ../clib/printf.c                         0x00000000   Number         0  _printf_char_file.o ABSOLUTE
    ../clib/printf.c                         0x00000000   Number         0  __2printf.o ABSOLUTE
    ../clib/printf.c                         0x00000000   Number         0  noretval__2printf.o ABSOLUTE
    ../clib/printf_percent.s                 0x00000000   Number         0  _printf_percent_end.o ABSOLUTE
    ../clib/printf_percent.s                 0x00000000   Number         0  _printf_percent.o ABSOLUTE
    ../clib/printf_percent.s                 0x00000000   Number         0  _printf_x.o ABSOLUTE
    ../clib/printf_percent.s                 0x00000000   Number         0  _printf_s.o ABSOLUTE
    ../clib/signal.c                         0x00000000   Number         0  defsig_fpe_inner.o ABSOLUTE
    ../clib/signal.c                         0x00000000   Number         0  defsig_general.o ABSOLUTE
    ../clib/signal.c                         0x00000000   Number         0  defsig_other.o ABSOLUTE
    ../clib/signal.c                         0x00000000   Number         0  defsig_stak_inner.o ABSOLUTE
    ../clib/signal.c                         0x00000000   Number         0  defsig_cppl_inner.o ABSOLUTE
    ../clib/signal.c                         0x00000000   Number         0  defsig_rtmem_formal.o ABSOLUTE
    ../clib/signal.c                         0x00000000   Number         0  defsig_rtmem_outer.o ABSOLUTE
    ../clib/signal.c                         0x00000000   Number         0  defsig_pvfn_inner.o ABSOLUTE
    ../clib/signal.c                         0x00000000   Number         0  __raise.o ABSOLUTE
    ../clib/signal.c                         0x00000000   Number         0  defsig_rtred_inner.o ABSOLUTE
    ../clib/signal.c                         0x00000000   Number         0  defsig_abrt_inner.o ABSOLUTE
    ../clib/signal.c                         0x00000000   Number         0  defsig_rtmem_inner.o ABSOLUTE
    ../clib/signal.c                         0x00000000   Number         0  defsig_segv_inner.o ABSOLUTE
    ../clib/signal.c                         0x00000000   Number         0  defsig_exit.o ABSOLUTE
    ../clib/signal.s                         0x00000000   Number         0  defsig.o ABSOLUTE
    ../clib/stdio.c                          0x00000000   Number         0  ferror_locked.o ABSOLUTE
    ../clib/stdio.c                          0x00000000   Number         0  ferror.o ABSOLUTE
    ../clib/stdlib.c                         0x00000000   Number         0  exit.o ABSOLUTE
    ../clib/string.c                         0x00000000   Number         0  strcpy.o ABSOLUTE
    ../fplib/ddiv.s                          0x00000000   Number         0  ddiv.o ABSOLUTE
    ../fplib/dfixu.s                         0x00000000   Number         0  dfixu.o ABSOLUTE
    ../fplib/dflt.s                          0x00000000   Number         0  dflt_clz.o ABSOLUTE
    ../fplib/dnaninf.s                       0x00000000   Number         0  dnaninf.o ABSOLUTE
    ../fplib/dretinf.s                       0x00000000   Number         0  dretinf.o ABSOLUTE
    ../fplib/faddsub.s                       0x00000000   Number         0  faddsub_clz.o ABSOLUTE
    ../fplib/fcmpi.s                         0x00000000   Number         0  fcmpi.o ABSOLUTE
    ../fplib/fdiv.s                          0x00000000   Number         0  fdiv.o ABSOLUTE
    ../fplib/feqf.s                          0x00000000   Number         0  feqf.o ABSOLUTE
    ../fplib/ffixu.s                         0x00000000   Number         0  ffixu.o ABSOLUTE
    ../fplib/fflt.s                          0x00000000   Number         0  fflt_clz.o ABSOLUTE
    ../fplib/fleqf.s                         0x00000000   Number         0  fleqf.o ABSOLUTE
    ../fplib/fmul.s                          0x00000000   Number         0  fmul.o ABSOLUTE
    ../fplib/fnaninf.s                       0x00000000   Number         0  fnaninf.o ABSOLUTE
    ../fplib/fpinit.s                        0x00000000   Number         0  fpinit.o ABSOLUTE
    ../fplib/fretinf.s                       0x00000000   Number         0  fretinf.o ABSOLUTE
    ../fplib/frleqf.s                        0x00000000   Number         0  frleqf.o ABSOLUTE
    ../fplib/usenofp.s                       0x00000000   Number         0  usenofp.o ABSOLUTE
    ..\CORE\core_cm3.c                       0x00000000   Number         0  core_cm3.o ABSOLUTE
    ..\CORE\startup_stm32f10x_md.s           0x00000000   Number         0  startup_stm32f10x_md.o ABSOLUTE
    ..\FATFS\exfuns\exfuns.c                 0x00000000   Number         0  exfuns.o ABSOLUTE
    ..\FATFS\exfuns\mycc936.c                0x00000000   Number         0  mycc936.o ABSOLUTE
    ..\FATFS\src\diskio.c                    0x00000000   Number         0  diskio.o ABSOLUTE
    ..\FATFS\src\ff.c                        0x00000000   Number         0  ff.o ABSOLUTE
    ..\HARDWARE\AD24\AD24.c                  0x00000000   Number         0  ad24.o ABSOLUTE
    ..\HARDWARE\ADC\adc.c                    0x00000000   Number         0  adc.o ABSOLUTE
    ..\HARDWARE\FLASH\flash.c                0x00000000   Number         0  flash.o ABSOLUTE
    ..\HARDWARE\KEY\key.c                    0x00000000   Number         0  key.o ABSOLUTE
    ..\HARDWARE\LCD\lcd.c                    0x00000000   Number         0  lcd.o ABSOLUTE
    ..\HARDWARE\LED\led.c                    0x00000000   Number         0  led.o ABSOLUTE
    ..\HARDWARE\MMC_SD\mmc_sd.c              0x00000000   Number         0  mmc_sd.o ABSOLUTE
    ..\HARDWARE\SPI\spi.c                    0x00000000   Number         0  spi.o ABSOLUTE
    ..\PICDEC\picdecoder.c                   0x00000000   Number         0  picdecoder.o ABSOLUTE
    ..\STM32F10x_FWLib\src\misc.c            0x00000000   Number         0  misc.o ABSOLUTE
    ..\STM32F10x_FWLib\src\stm32f10x_adc.c   0x00000000   Number         0  stm32f10x_adc.o ABSOLUTE
    ..\STM32F10x_FWLib\src\stm32f10x_gpio.c  0x00000000   Number         0  stm32f10x_gpio.o ABSOLUTE
    ..\STM32F10x_FWLib\src\stm32f10x_i2c.c   0x00000000   Number         0  stm32f10x_i2c.o ABSOLUTE
    ..\STM32F10x_FWLib\src\stm32f10x_rcc.c   0x00000000   Number         0  stm32f10x_rcc.o ABSOLUTE
    ..\STM32F10x_FWLib\src\stm32f10x_spi.c   0x00000000   Number         0  stm32f10x_spi.o ABSOLUTE
    ..\STM32F10x_FWLib\src\stm32f10x_tim.c   0x00000000   Number         0  stm32f10x_tim.o ABSOLUTE
    ..\STM32F10x_FWLib\src\stm32f10x_usart.c 0x00000000   Number         0  stm32f10x_usart.o ABSOLUTE
    ..\SYSTEM\delay\delay.c                  0x00000000   Number         0  delay.o ABSOLUTE
    ..\SYSTEM\sys\sys.c                      0x00000000   Number         0  sys.o ABSOLUTE
    ..\SYSTEM\usart\usart.c                  0x00000000   Number         0  usart.o ABSOLUTE
    ..\TEXT\fontupd.c                        0x00000000   Number         0  fontupd.o ABSOLUTE
    ..\TEXT\text.c                           0x00000000   Number         0  text.o ABSOLUTE
    ..\\CORE\\core_cm3.c                     0x00000000   Number         0  core_cm3.o ABSOLUTE
    dc.s                                     0x00000000   Number         0  dc.o ABSOLUTE
    main.c                                   0x00000000   Number         0  main.o ABSOLUTE
    stm32f10x_it.c                           0x00000000   Number         0  stm32f10x_it.o ABSOLUTE
    system_stm32f10x.c                       0x00000000   Number         0  system_stm32f10x.o ABSOLUTE
    RESET                                    0x08000000   Section      236  startup_stm32f10x_md.o(RESET)
    !!!main                                  0x080000ec   Section        8  __main.o(!!!main)
    !!!scatter                               0x080000f4   Section       52  __scatter.o(!!!scatter)
    !!dczerorl2                              0x08000128   Section       90  __dczerorl2.o(!!dczerorl2)
    !!handler_zi                             0x08000184   Section       28  __scatter_zi.o(!!handler_zi)
    .ARM.Collect$$_printf_percent$$00000000  0x080001a0   Section        0  _printf_percent.o(.ARM.Collect$$_printf_percent$$00000000)
    .ARM.Collect$$_printf_percent$$0000000C  0x080001a0   Section        6  _printf_x.o(.ARM.Collect$$_printf_percent$$0000000C)
    .ARM.Collect$$_printf_percent$$00000014  0x080001a6   Section        6  _printf_s.o(.ARM.Collect$$_printf_percent$$00000014)
    .ARM.Collect$$_printf_percent$$00000017  0x080001ac   Section        4  _printf_percent_end.o(.ARM.Collect$$_printf_percent$$00000017)
    .ARM.Collect$$libinit$$00000000          0x080001b0   Section        2  libinit.o(.ARM.Collect$$libinit$$00000000)
    .ARM.Collect$$libinit$$00000002          0x080001b2   Section        0  libinit2.o(.ARM.Collect$$libinit$$00000002)
    .ARM.Collect$$libinit$$00000008          0x080001b2   Section        0  libinit2.o(.ARM.Collect$$libinit$$00000008)
    .ARM.Collect$$libinit$$0000000A          0x080001b2   Section        0  libinit2.o(.ARM.Collect$$libinit$$0000000A)
    .ARM.Collect$$libinit$$0000000C          0x080001b2   Section        0  libinit2.o(.ARM.Collect$$libinit$$0000000C)
    .ARM.Collect$$libinit$$0000000F          0x080001b2   Section        0  libinit2.o(.ARM.Collect$$libinit$$0000000F)
    .ARM.Collect$$libinit$$00000011          0x080001b2   Section        0  libinit2.o(.ARM.Collect$$libinit$$00000011)
    .ARM.Collect$$libinit$$00000013          0x080001b2   Section        0  libinit2.o(.ARM.Collect$$libinit$$00000013)
    .ARM.Collect$$libinit$$00000015          0x080001b2   Section        0  libinit2.o(.ARM.Collect$$libinit$$00000015)
    .ARM.Collect$$libinit$$00000017          0x080001b2   Section        0  libinit2.o(.ARM.Collect$$libinit$$00000017)
    .ARM.Collect$$libinit$$00000019          0x080001b2   Section        0  libinit2.o(.ARM.Collect$$libinit$$00000019)
    .ARM.Collect$$libinit$$0000001B          0x080001b2   Section        0  libinit2.o(.ARM.Collect$$libinit$$0000001B)
    .ARM.Collect$$libinit$$0000001D          0x080001b2   Section        0  libinit2.o(.ARM.Collect$$libinit$$0000001D)
    .ARM.Collect$$libinit$$0000001F          0x080001b2   Section        0  libinit2.o(.ARM.Collect$$libinit$$0000001F)
    .ARM.Collect$$libinit$$00000021          0x080001b2   Section        0  libinit2.o(.ARM.Collect$$libinit$$00000021)
    .ARM.Collect$$libinit$$00000023          0x080001b2   Section        0  libinit2.o(.ARM.Collect$$libinit$$00000023)
    .ARM.Collect$$libinit$$0000002A          0x080001b2   Section        0  libinit2.o(.ARM.Collect$$libinit$$0000002A)
    .ARM.Collect$$libinit$$0000002C          0x080001b2   Section        0  libinit2.o(.ARM.Collect$$libinit$$0000002C)
    .ARM.Collect$$libinit$$0000002E          0x080001b2   Section        0  libinit2.o(.ARM.Collect$$libinit$$0000002E)
    .ARM.Collect$$libinit$$00000030          0x080001b2   Section        0  libinit2.o(.ARM.Collect$$libinit$$00000030)
    .ARM.Collect$$libinit$$00000031          0x080001b2   Section        2  libinit2.o(.ARM.Collect$$libinit$$00000031)
    .ARM.Collect$$libshutdown$$00000000      0x080001b4   Section        2  libshutdown.o(.ARM.Collect$$libshutdown$$00000000)
    .ARM.Collect$$libshutdown$$00000003      0x080001b6   Section        0  libshutdown2.o(.ARM.Collect$$libshutdown$$00000003)
    .ARM.Collect$$libshutdown$$00000006      0x080001b6   Section        0  libshutdown2.o(.ARM.Collect$$libshutdown$$00000006)
    .ARM.Collect$$libshutdown$$00000009      0x080001b6   Section        0  libshutdown2.o(.ARM.Collect$$libshutdown$$00000009)
    .ARM.Collect$$libshutdown$$0000000B      0x080001b6   Section        0  libshutdown2.o(.ARM.Collect$$libshutdown$$0000000B)
    .ARM.Collect$$libshutdown$$0000000E      0x080001b6   Section        0  libshutdown2.o(.ARM.Collect$$libshutdown$$0000000E)
    .ARM.Collect$$libshutdown$$0000000F      0x080001b6   Section        2  libshutdown2.o(.ARM.Collect$$libshutdown$$0000000F)
    .ARM.Collect$$rtentry$$00000000          0x080001b8   Section        0  rtentry.o(.ARM.Collect$$rtentry$$00000000)
    .ARM.Collect$$rtentry$$00000002          0x080001b8   Section        0  rtentry2.o(.ARM.Collect$$rtentry$$00000002)
    .ARM.Collect$$rtentry$$00000004          0x080001b8   Section        6  rtentry4.o(.ARM.Collect$$rtentry$$00000004)
    .ARM.Collect$$rtentry$$00000009          0x080001be   Section        0  rtentry2.o(.ARM.Collect$$rtentry$$00000009)
    .ARM.Collect$$rtentry$$0000000A          0x080001be   Section        4  rtentry2.o(.ARM.Collect$$rtentry$$0000000A)
    .ARM.Collect$$rtentry$$0000000C          0x080001c2   Section        0  rtentry2.o(.ARM.Collect$$rtentry$$0000000C)
    .ARM.Collect$$rtentry$$0000000D          0x080001c2   Section        8  rtentry2.o(.ARM.Collect$$rtentry$$0000000D)
    .ARM.Collect$$rtexit$$00000000           0x080001ca   Section        2  rtexit.o(.ARM.Collect$$rtexit$$00000000)
    .ARM.Collect$$rtexit$$00000002           0x080001cc   Section        0  rtexit2.o(.ARM.Collect$$rtexit$$00000002)
    .ARM.Collect$$rtexit$$00000003           0x080001cc   Section        4  rtexit2.o(.ARM.Collect$$rtexit$$00000003)
    .ARM.Collect$$rtexit$$00000004           0x080001d0   Section        6  rtexit2.o(.ARM.Collect$$rtexit$$00000004)
    .text                                    0x080001d8   Section        0  main.o(.text)
    .text                                    0x08000518   Section        0  stm32f10x_it.o(.text)
    .text                                    0x08000534   Section        0  system_stm32f10x.o(.text)
    SetSysClockTo72                          0x08000535   Thumb Code   212  system_stm32f10x.o(.text)
    SetSysClock                              0x08000609   Thumb Code     8  system_stm32f10x.o(.text)
    .text                                    0x08000710   Section        0  led.o(.text)
    .text                                    0x08000774   Section        0  key.o(.text)
    .text                                    0x08000858   Section        0  lcd.o(.text)
    .text                                    0x08002c98   Section        0  spi.o(.text)
    .text                                    0x08002d78   Section        0  mmc_sd.o(.text)
    .text                                    0x080032ec   Section        0  flash.o(.text)
    .text                                    0x08003628   Section        0  ad24.o(.text)
    .text                                    0x08003714   Section        0  delay.o(.text)
    .text                                    0x080037bc   Section        0  sys.o(.text)
    .text                                    0x080037c8   Section        0  usart.o(.text)
    .text                                    0x08003908   Section       64  startup_stm32f10x_md.o(.text)
    .text                                    0x08003948   Section        0  misc.o(.text)
    .text                                    0x08003a24   Section        0  stm32f10x_gpio.o(.text)
    .text                                    0x08003d7c   Section        0  stm32f10x_rcc.o(.text)
    .text                                    0x08004120   Section        0  stm32f10x_spi.o(.text)
    .text                                    0x0800442c   Section        0  stm32f10x_usart.o(.text)
    .text                                    0x08004834   Section        0  ff.o(.text)
    mem_cpy                                  0x08004835   Thumb Code    26  ff.o(.text)
    mem_set                                  0x0800484f   Thumb Code    20  ff.o(.text)
    mem_cmp                                  0x08004863   Thumb Code    38  ff.o(.text)
    chk_chr                                  0x08004889   Thumb Code    20  ff.o(.text)
    move_window                              0x0800489d   Thumb Code   114  ff.o(.text)
    sync                                     0x0800490f   Thumb Code   202  ff.o(.text)
    remove_chain                             0x08004c11   Thumb Code   104  ff.o(.text)
    create_chain                             0x08004c79   Thumb Code   202  ff.o(.text)
    clmt_clust                               0x08004d43   Thumb Code    50  ff.o(.text)
    dir_sdi                                  0x08004d75   Thumb Code   156  ff.o(.text)
    dir_next                                 0x08004e11   Thumb Code   274  ff.o(.text)
    cmp_lfn                                  0x08004f23   Thumb Code   138  ff.o(.text)
    pick_lfn                                 0x08004fad   Thumb Code   112  ff.o(.text)
    fit_lfn                                  0x0800501d   Thumb Code   122  ff.o(.text)
    sum_sfn                                  0x08005155   Thumb Code    32  ff.o(.text)
    dir_find                                 0x08005175   Thumb Code   222  ff.o(.text)
    dir_read                                 0x08005253   Thumb Code   188  ff.o(.text)
    dir_register                             0x0800530f   Thumb Code   414  ff.o(.text)
    dir_remove                               0x080054ad   Thumb Code    96  ff.o(.text)
    create_name                              0x0800550d   Thumb Code   708  ff.o(.text)
    get_fileinfo                             0x080057d1   Thumb Code   316  ff.o(.text)
    follow_path                              0x0800590d   Thumb Code   208  ff.o(.text)
    check_fs                                 0x080059dd   Thumb Code   138  ff.o(.text)
    chk_mounted                              0x08005a67   Thumb Code   870  ff.o(.text)
    validate                                 0x08005dcd   Thumb Code    42  ff.o(.text)
    .text                                    0x08007854   Section        0  diskio.o(.text)
    .text                                    0x08007a04   Section        0  mycc936.o(.text)
    .text                                    0x08007acc   Section        0  fontupd.o(.text)
    .text                                    0x08007cec   Section        0  text.o(.text)
    .text                                    0x08007fc4   Section        2  use_no_semi_2.o(.text)
    .text                                    0x08007fc8   Section        0  noretval__2printf.o(.text)
    .text                                    0x08007fe0   Section        0  __printf.o(.text)
    .text                                    0x08008048   Section        0  _printf_str.o(.text)
    .text                                    0x0800809c   Section        0  _printf_hex_int.o(.text)
    .text                                    0x080080f8   Section      100  rt_memcpy_w.o(.text)
    .text                                    0x0800815c   Section        0  heapauxi.o(.text)
    .text                                    0x08008162   Section        2  use_no_semi.o(.text)
    .text                                    0x08008164   Section        0  _printf_intcommon.o(.text)
    .text                                    0x0800821c   Section        0  _printf_char.o(.text)
    .text                                    0x08008248   Section        0  _printf_char_file.o(.text)
    .text                                    0x0800826c   Section        0  _printf_char_common.o(.text)
    _printf_input_char                       0x0800826d   Thumb Code    10  _printf_char_common.o(.text)
    .text                                    0x0800829c   Section        0  ferror.o(.text)
    .text                                    0x080082a4   Section       74  sys_stackheap_outer.o(.text)
    .text                                    0x080082ee   Section        0  exit.o(.text)
    .text                                    0x080082fc   Section        8  libspace.o(.text)
    i.LCD_SetCursor                          0x08008304   Section        0  lcd.o(i.LCD_SetCursor)
    x$fpl$ddiv                               0x080083d0   Section      688  ddiv.o(x$fpl$ddiv)
    ddiv_entry                               0x080083d7   Thumb Code     0  ddiv.o(x$fpl$ddiv)
    x$fpl$dfixu                              0x08008680   Section       90  dfixu.o(x$fpl$dfixu)
    x$fpl$dfltu                              0x080086da   Section       38  dflt_clz.o(x$fpl$dfltu)
    x$fpl$dnaninf                            0x08008700   Section      156  dnaninf.o(x$fpl$dnaninf)
    x$fpl$dretinf                            0x0800879c   Section       12  dretinf.o(x$fpl$dretinf)
    x$fpl$fcmpinf                            0x080087a8   Section       24  fcmpi.o(x$fpl$fcmpinf)
    x$fpl$fdiv                               0x080087c0   Section      388  fdiv.o(x$fpl$fdiv)
    _fdiv1                                   0x080087c1   Thumb Code     0  fdiv.o(x$fpl$fdiv)
    x$fpl$feqf                               0x08008944   Section      104  feqf.o(x$fpl$feqf)
    x$fpl$ffixu                              0x080089ac   Section       62  ffixu.o(x$fpl$ffixu)
    x$fpl$ffltu                              0x080089ec   Section       38  fflt_clz.o(x$fpl$ffltu)
    x$fpl$fmul                               0x08008a14   Section      258  fmul.o(x$fpl$fmul)
    x$fpl$fnaninf                            0x08008b16   Section      140  fnaninf.o(x$fpl$fnaninf)
    x$fpl$fretinf                            0x08008ba2   Section       10  fretinf.o(x$fpl$fretinf)
    .constdata                               0x08008bac   Section     2660  lcd.o(.constdata)
    x$fpl$usenofp                            0x08008bac   Section        0  usenofp.o(x$fpl$usenofp)
    .constdata                               0x08009610   Section       58  ff.o(.constdata)
    LfnOfs                                   0x08009610   Data          13  ff.o(.constdata)
    vst                                      0x0800961e   Data          22  ff.o(.constdata)
    cst                                      0x08009634   Data          22  ff.o(.constdata)
    .constdata                               0x0800964a   Section      960  mycc936.o(.constdata)
    tbl_lower                                0x0800964a   Data         480  mycc936.o(.constdata)
    tbl_upper                                0x0800982a   Data         480  mycc936.o(.constdata)
    .constdata                               0x08009a0a   Section       40  _printf_hex_int.o(.constdata)
    uc_hextab                                0x08009a0a   Data          20  _printf_hex_int.o(.constdata)
    lc_hextab                                0x08009a1e   Data          20  _printf_hex_int.o(.constdata)
    .conststring                             0x08009a32   Section       88  exfuns.o(.conststring)
    .conststring                             0x08009a8a   Section       52  fontupd.o(.conststring)
    .data                                    0x20000000   Section       20  system_stm32f10x.o(.data)
    .data                                    0x20000014   Section        1  key.o(.data)
    key_up                                   0x20000014   Data           1  key.o(.data)
    .data                                    0x20000016   Section        6  lcd.o(.data)
    .data                                    0x2000001c   Section        1  mmc_sd.o(.data)
    .data                                    0x2000001e   Section        4  delay.o(.data)
    fac_us                                   0x2000001e   Data           1  delay.o(.data)
    fac_ms                                   0x20000020   Data           2  delay.o(.data)
    .data                                    0x20000024   Section        8  usart.o(.data)
    .data                                    0x2000002c   Section       20  stm32f10x_rcc.o(.data)
    APBAHBPrescTable                         0x2000002c   Data          16  stm32f10x_rcc.o(.data)
    ADCPrescTable                            0x2000003c   Data           4  stm32f10x_rcc.o(.data)
    .data                                    0x20000040   Section      320  exfuns.o(.data)
    .data                                    0x20000180   Section       11  ff.o(.data)
    FatFs                                    0x20000180   Data           8  ff.o(.data)
    Fsid                                     0x20000188   Data           2  ff.o(.data)
    CurrVol                                  0x2000018a   Data           1  ff.o(.data)
    .data                                    0x2000018c   Section       24  fontupd.o(.data)
    .bss                                     0x200001a4   Section       14  main.o(.bss)
    .bss                                     0x200001b2   Section       18  spi.o(.bss)
    .bss                                     0x200001c4   Section     4096  flash.o(.bss)
    .bss                                     0x200011c4   Section       64  usart.o(.bss)
    .bss                                     0x20001204   Section      512  ff.o(.bss)
    LfnBuf                                   0x20001204   Data         512  ff.o(.bss)
    .bss                                     0x20001404   Section     1576  fontupd.o(.bss)
    .bss                                     0x20001a2c   Section       96  libspace.o(.bss)
    HEAP                                     0x20001a90   Section      512  startup_stm32f10x_md.o(HEAP)
    Heap_Mem                                 0x20001a90   Data         512  startup_stm32f10x_md.o(HEAP)
    STACK                                    0x20001c90   Section     1024  startup_stm32f10x_md.o(STACK)
    Stack_Mem                                0x20001c90   Data        1024  startup_stm32f10x_md.o(STACK)
    __initial_sp                             0x20002090   Data           0  startup_stm32f10x_md.o(STACK)

    Global Symbols

    Symbol Name                              Value     Ov Type        Size  Object(Section)

    BuildAttributes$$THM_ISAv4$P$D$K$B$S$PE$A:L22UL41UL21$X:L11$S22US41US21$IEEE1$IW$USESV6$~STKCKD$USESV7$~SHL$OSPACE$ROPI$EBA8$UX$STANDARDLIB$REQ8$PRES8$EABIv2 0x00000000   Number         0  anon$$obj.o ABSOLUTE
    __ARM_use_no_argv                        0x00000000   Number         0  main.o ABSOLUTE
    __ARM_exceptions_init                     - Undefined Weak Reference
    __alloca_initialize                       - Undefined Weak Reference
    __cpp_initialize__aeabi_                  - Undefined Weak Reference
    __cxa_finalize                            - Undefined Weak Reference
    __rt_locale                               - Undefined Weak Reference
    __sigvec_lookup                           - Undefined Weak Reference
    _atexit_init                              - Undefined Weak Reference
    _call_atexit_fns                          - Undefined Weak Reference
    _clock_init                               - Undefined Weak Reference
    _fp_trap_init                             - Undefined Weak Reference
    _fp_trap_shutdown                         - Undefined Weak Reference
    _get_lc_collate                           - Undefined Weak Reference
    _get_lc_ctype                             - Undefined Weak Reference
    _get_lc_monetary                          - Undefined Weak Reference
    _get_lc_numeric                           - Undefined Weak Reference
    _get_lc_time                              - Undefined Weak Reference
    _getenv_init                              - Undefined Weak Reference
    _handle_redirection                       - Undefined Weak Reference
    _init_alloc                               - Undefined Weak Reference
    _init_user_alloc                          - Undefined Weak Reference
    _initio                                   - Undefined Weak Reference
    _mutex_acquire                            - Undefined Weak Reference
    _mutex_release                            - Undefined Weak Reference
    _printf_mbtowc                            - Undefined Weak Reference
    _printf_post_padding                      - Undefined Weak Reference
    _printf_pre_padding                       - Undefined Weak Reference
    _printf_truncate_unsigned                 - Undefined Weak Reference
    _rand_init                                - Undefined Weak Reference
    _signal_finish                            - Undefined Weak Reference
    _signal_init                              - Undefined Weak Reference
    _terminate_alloc                          - Undefined Weak Reference
    _terminate_user_alloc                     - Undefined Weak Reference
    _terminateio                              - Undefined Weak Reference
    __Vectors_Size                           0x000000ec   Number         0  startup_stm32f10x_md.o ABSOLUTE
    __Vectors                                0x08000000   Data           4  startup_stm32f10x_md.o(RESET)
    __Vectors_End                            0x080000ec   Data           0  startup_stm32f10x_md.o(RESET)
    __main                                   0x080000ed   Thumb Code     8  __main.o(!!!main)
    __scatterload                            0x080000f5   Thumb Code     0  __scatter.o(!!!scatter)
    __scatterload_rt2                        0x080000f5   Thumb Code    44  __scatter.o(!!!scatter)
    __scatterload_rt2_thumb_only             0x080000f5   Thumb Code     0  __scatter.o(!!!scatter)
    __scatterload_null                       0x08000103   Thumb Code     0  __scatter.o(!!!scatter)
    __decompress                             0x08000129   Thumb Code    90  __dczerorl2.o(!!dczerorl2)
    __decompress1                            0x08000129   Thumb Code     0  __dczerorl2.o(!!dczerorl2)
    __scatterload_zeroinit                   0x08000185   Thumb Code    28  __scatter_zi.o(!!handler_zi)
    _printf_percent                          0x080001a1   Thumb Code     0  _printf_percent.o(.ARM.Collect$$_printf_percent$$00000000)
    _printf_x                                0x080001a1   Thumb Code     0  _printf_x.o(.ARM.Collect$$_printf_percent$$0000000C)
    _printf_s                                0x080001a7   Thumb Code     0  _printf_s.o(.ARM.Collect$$_printf_percent$$00000014)
    _printf_percent_end                      0x080001ad   Thumb Code     0  _printf_percent_end.o(.ARM.Collect$$_printf_percent$$00000017)
    __rt_lib_init                            0x080001b1   Thumb Code     0  libinit.o(.ARM.Collect$$libinit$$00000000)
    __rt_lib_init_alloca_1                   0x080001b3   Thumb Code     0  libinit2.o(.ARM.Collect$$libinit$$0000002C)
    __rt_lib_init_argv_1                     0x080001b3   Thumb Code     0  libinit2.o(.ARM.Collect$$libinit$$0000002A)
    __rt_lib_init_atexit_1                   0x080001b3   Thumb Code     0  libinit2.o(.ARM.Collect$$libinit$$00000019)
    __rt_lib_init_clock_1                    0x080001b3   Thumb Code     0  libinit2.o(.ARM.Collect$$libinit$$0000001F)
    __rt_lib_init_cpp_1                      0x080001b3   Thumb Code     0  libinit2.o(.ARM.Collect$$libinit$$00000030)
    __rt_lib_init_exceptions_1               0x080001b3   Thumb Code     0  libinit2.o(.ARM.Collect$$libinit$$0000002E)
    __rt_lib_init_fp_1                       0x080001b3   Thumb Code     0  libinit2.o(.ARM.Collect$$libinit$$00000002)
    __rt_lib_init_fp_trap_1                  0x080001b3   Thumb Code     0  libinit2.o(.ARM.Collect$$libinit$$0000001D)
    __rt_lib_init_getenv_1                   0x080001b3   Thumb Code     0  libinit2.o(.ARM.Collect$$libinit$$00000021)
    __rt_lib_init_heap_1                     0x080001b3   Thumb Code     0  libinit2.o(.ARM.Collect$$libinit$$00000008)
    __rt_lib_init_lc_collate_1               0x080001b3   Thumb Code     0  libinit2.o(.ARM.Collect$$libinit$$0000000F)
    __rt_lib_init_lc_ctype_1                 0x080001b3   Thumb Code     0  libinit2.o(.ARM.Collect$$libinit$$00000011)
    __rt_lib_init_lc_monetary_1              0x080001b3   Thumb Code     0  libinit2.o(.ARM.Collect$$libinit$$00000013)
    __rt_lib_init_lc_numeric_1               0x080001b3   Thumb Code     0  libinit2.o(.ARM.Collect$$libinit$$00000015)
    __rt_lib_init_lc_time_1                  0x080001b3   Thumb Code     0  libinit2.o(.ARM.Collect$$libinit$$00000017)
    __rt_lib_init_rand_1                     0x080001b3   Thumb Code     0  libinit2.o(.ARM.Collect$$libinit$$0000000C)
    __rt_lib_init_return                     0x080001b3   Thumb Code     0  libinit2.o(.ARM.Collect$$libinit$$00000031)
    __rt_lib_init_signal_1                   0x080001b3   Thumb Code     0  libinit2.o(.ARM.Collect$$libinit$$0000001B)
    __rt_lib_init_stdio_1                    0x080001b3   Thumb Code     0  libinit2.o(.ARM.Collect$$libinit$$00000023)
    __rt_lib_init_user_alloc_1               0x080001b3   Thumb Code     0  libinit2.o(.ARM.Collect$$libinit$$0000000A)
    __rt_lib_shutdown                        0x080001b5   Thumb Code     0  libshutdown.o(.ARM.Collect$$libshutdown$$00000000)
    __rt_lib_shutdown_fp_trap_1              0x080001b7   Thumb Code     0  libshutdown2.o(.ARM.Collect$$libshutdown$$00000006)
    __rt_lib_shutdown_heap_1                 0x080001b7   Thumb Code     0  libshutdown2.o(.ARM.Collect$$libshutdown$$0000000E)
    __rt_lib_shutdown_return                 0x080001b7   Thumb Code     0  libshutdown2.o(.ARM.Collect$$libshutdown$$0000000F)
    __rt_lib_shutdown_signal_1               0x080001b7   Thumb Code     0  libshutdown2.o(.ARM.Collect$$libshutdown$$00000009)
    __rt_lib_shutdown_stdio_1                0x080001b7   Thumb Code     0  libshutdown2.o(.ARM.Collect$$libshutdown$$00000003)
    __rt_lib_shutdown_user_alloc_1           0x080001b7   Thumb Code     0  libshutdown2.o(.ARM.Collect$$libshutdown$$0000000B)
    __rt_entry                               0x080001b9   Thumb Code     0  rtentry.o(.ARM.Collect$$rtentry$$00000000)
    __rt_entry_presh_1                       0x080001b9   Thumb Code     0  rtentry2.o(.ARM.Collect$$rtentry$$00000002)
    __rt_entry_sh                            0x080001b9   Thumb Code     0  rtentry4.o(.ARM.Collect$$rtentry$$00000004)
    __rt_entry_li                            0x080001bf   Thumb Code     0  rtentry2.o(.ARM.Collect$$rtentry$$0000000A)
    __rt_entry_postsh_1                      0x080001bf   Thumb Code     0  rtentry2.o(.ARM.Collect$$rtentry$$00000009)
    __rt_entry_main                          0x080001c3   Thumb Code     0  rtentry2.o(.ARM.Collect$$rtentry$$0000000D)
    __rt_entry_postli_1                      0x080001c3   Thumb Code     0  rtentry2.o(.ARM.Collect$$rtentry$$0000000C)
    __rt_exit                                0x080001cb   Thumb Code     0  rtexit.o(.ARM.Collect$$rtexit$$00000000)
    __rt_exit_ls                             0x080001cd   Thumb Code     0  rtexit2.o(.ARM.Collect$$rtexit$$00000003)
    __rt_exit_prels_1                        0x080001cd   Thumb Code     0  rtexit2.o(.ARM.Collect$$rtexit$$00000002)
    __rt_exit_exit                           0x080001d1   Thumb Code     0  rtexit2.o(.ARM.Collect$$rtexit$$00000004)
    writetext                                0x080001d9   Thumb Code    62  main.o(.text)
    readtext                                 0x08000217   Thumb Code    96  main.o(.text)
    main                                     0x08000277   Thumb Code   454  main.o(.text)
    NMI_Handler                              0x08000519   Thumb Code     2  stm32f10x_it.o(.text)
    HardFault_Handler                        0x0800051b   Thumb Code     4  stm32f10x_it.o(.text)
    MemManage_Handler                        0x0800051f   Thumb Code     4  stm32f10x_it.o(.text)
    BusFault_Handler                         0x08000523   Thumb Code     4  stm32f10x_it.o(.text)
    UsageFault_Handler                       0x08000527   Thumb Code     4  stm32f10x_it.o(.text)
    SVC_Handler                              0x0800052b   Thumb Code     2  stm32f10x_it.o(.text)
    DebugMon_Handler                         0x0800052d   Thumb Code     2  stm32f10x_it.o(.text)
    PendSV_Handler                           0x0800052f   Thumb Code     2  stm32f10x_it.o(.text)
    SysTick_Handler                          0x08000531   Thumb Code     2  stm32f10x_it.o(.text)
    SystemInit                               0x08000611   Thumb Code    78  system_stm32f10x.o(.text)
    SystemCoreClockUpdate                    0x0800065f   Thumb Code   142  system_stm32f10x.o(.text)
    LED_Init                                 0x08000711   Thumb Code    92  led.o(.text)
    KEY_Init                                 0x08000775   Thumb Code    54  key.o(.text)
    KEY_Scan                                 0x080007ab   Thumb Code   144  key.o(.text)
    LCD_WR_REG                               0x08000859   Thumb Code    28  lcd.o(.text)
    LCD_RD_DATA                              0x08000875   Thumb Code    98  lcd.o(.text)
    LCD_WriteReg                             0x080008d7   Thumb Code    40  lcd.o(.text)
    LCD_ReadReg                              0x080008ff   Thumb Code    16  lcd.o(.text)
    LCD_WriteRAM_Prepare                     0x0800090f   Thumb Code    30  lcd.o(.text)
    LCD_WriteRAM                             0x0800092d   Thumb Code    28  lcd.o(.text)
    LCD_BGR2RGB                              0x08000949   Thumb Code    26  lcd.o(.text)
    LCD_ReadPoint                            0x08000963   Thumb Code   288  lcd.o(.text)
    LCD_DisplayOn                            0x08000a83   Thumb Code    34  lcd.o(.text)
    LCD_DisplayOff                           0x08000aa5   Thumb Code    32  lcd.o(.text)
    LCD_Scan_Dir                             0x08000ac5   Thumb Code   686  lcd.o(.text)
    LCD_DrawPoint                            0x08000d73   Thumb Code    52  lcd.o(.text)
    LCD_Clear                                0x08000da7   Thumb Code    58  lcd.o(.text)
    LCD_Init                                 0x08000de1   Thumb Code  6686  lcd.o(.text)
    LCD_Fill                                 0x080027ff   Thumb Code   114  lcd.o(.text)
    LCD_DrawLine                             0x08002871   Thumb Code   176  lcd.o(.text)
    LCD_DrawRectangle                        0x08002921   Thumb Code    64  lcd.o(.text)
    Draw_Circle                              0x08002961   Thumb Code   176  lcd.o(.text)
    LCD_ShowChar                             0x08002a11   Thumb Code   294  lcd.o(.text)
    mypow                                    0x08002b37   Thumb Code    22  lcd.o(.text)
    LCD_ShowNum                              0x08002b4d   Thumb Code   148  lcd.o(.text)
    LCD_Show2Num                             0x08002be1   Thumb Code    92  lcd.o(.text)
    LCD_ShowString                           0x08002c3d   Thumb Code    74  lcd.o(.text)
    SPIx_ReadWriteByte                       0x08002c99   Thumb Code    78  spi.o(.text)
    SPIx_Init                                0x08002ce7   Thumb Code   108  spi.o(.text)
    SPIx_SetSpeed                            0x08002d53   Thumb Code    26  spi.o(.text)
    SD_SPI_ReadWriteByte                     0x08002d79   Thumb Code    12  mmc_sd.o(.text)
    SD_SPI_SpeedLow                          0x08002d85   Thumb Code    10  mmc_sd.o(.text)
    SD_SPI_SpeedHigh                         0x08002d8f   Thumb Code    10  mmc_sd.o(.text)
    SD_SPI_Init                              0x08002d99   Thumb Code    56  mmc_sd.o(.text)
    SD_DisSelect                             0x08002dd1   Thumb Code    18  mmc_sd.o(.text)
    SD_WaitReady                             0x08002de3   Thumb Code    34  mmc_sd.o(.text)
    SD_Select                                0x08002e05   Thumb Code    26  mmc_sd.o(.text)
    SD_GetResponse                           0x08002e1f   Thumb Code    38  mmc_sd.o(.text)
    SD_RecvData                              0x08002e45   Thumb Code    56  mmc_sd.o(.text)
    SD_SendBlock                             0x08002e7d   Thumb Code    82  mmc_sd.o(.text)
    SD_SendCmd                               0x08002ecf   Thumb Code   120  mmc_sd.o(.text)
    SD_GetCID                                0x08002f47   Thumb Code    42  mmc_sd.o(.text)
    SD_GetCSD                                0x08002f71   Thumb Code    42  mmc_sd.o(.text)
    SD_GetSectorCount                        0x08002f9b   Thumb Code   118  mmc_sd.o(.text)
    SD_Idle_Sta                              0x08003011   Thumb Code    74  mmc_sd.o(.text)
    SD_Initialize                            0x0800305b   Thumb Code   400  mmc_sd.o(.text)
    SD_ReadDisk                              0x080031eb   Thumb Code   112  mmc_sd.o(.text)
    SD_WriteDisk                             0x0800325b   Thumb Code   140  mmc_sd.o(.text)
    SPI_Flash_Init                           0x080032ed   Thumb Code    36  flash.o(.text)
    SPI_Flash_ReadSR                         0x08003311   Thumb Code    38  flash.o(.text)
    SPI_FLASH_Write_SR                       0x08003337   Thumb Code    34  flash.o(.text)
    SPI_FLASH_Write_Enable                   0x08003359   Thumb Code    26  flash.o(.text)
    SPI_FLASH_Write_Disable                  0x08003373   Thumb Code    26  flash.o(.text)
    SPI_Flash_ReadID                         0x0800338d   Thumb Code    66  flash.o(.text)
    SPI_Flash_Read                           0x080033cf   Thumb Code    76  flash.o(.text)
    SPI_Flash_Wait_Busy                      0x0800341b   Thumb Code    16  flash.o(.text)
    SPI_Flash_Write_Page                     0x0800342b   Thumb Code    82  flash.o(.text)
    SPI_Flash_Write_NoCheck                  0x0800347d   Thumb Code    70  flash.o(.text)
    SPI_Flash_Erase_Sector                   0x080034c3   Thumb Code    64  flash.o(.text)
    SPI_Flash_Write                          0x08003503   Thumb Code   176  flash.o(.text)
    SPI_Flash_Erase_Chip                     0x080035b3   Thumb Code    38  flash.o(.text)
    SPI_Flash_PowerDown                      0x080035d9   Thumb Code    32  flash.o(.text)
    SPI_Flash_WAKEUP                         0x080035f9   Thumb Code    32  flash.o(.text)
    ADC24_Configtion                         0x08003629   Thumb Code    64  ad24.o(.text)
    ADC_ReadCount                            0x08003669   Thumb Code   136  ad24.o(.text)
    averageValue                             0x080036f1   Thumb Code    30  ad24.o(.text)
    delay_init                               0x08003715   Thumb Code    52  delay.o(.text)
    delay_ms                                 0x08003749   Thumb Code    54  delay.o(.text)
    delay_us                                 0x0800377f   Thumb Code    54  delay.o(.text)
    NVIC_Configuration                       0x080037bd   Thumb Code    12  sys.o(.text)
    _sys_exit                                0x080037c9   Thumb Code     6  usart.o(.text)
    fputc                                    0x080037cf   Thumb Code    22  usart.o(.text)
    uart_init                                0x080037e5   Thumb Code   152  usart.o(.text)
    USART1_IRQHandler                        0x0800387d   Thumb Code   122  usart.o(.text)
    Reset_Handler                            0x08003909   Thumb Code     8  startup_stm32f10x_md.o(.text)
    ADC1_2_IRQHandler                        0x08003923   Thumb Code     0  startup_stm32f10x_md.o(.text)
    CAN1_RX1_IRQHandler                      0x08003923   Thumb Code     0  startup_stm32f10x_md.o(.text)
    CAN1_SCE_IRQHandler                      0x08003923   Thumb Code     0  startup_stm32f10x_md.o(.text)
    DMA1_Channel1_IRQHandler                 0x08003923   Thumb Code     0  startup_stm32f10x_md.o(.text)
    DMA1_Channel2_IRQHandler                 0x08003923   Thumb Code     0  startup_stm32f10x_md.o(.text)
    DMA1_Channel3_IRQHandler                 0x08003923   Thumb Code     0  startup_stm32f10x_md.o(.text)
    DMA1_Channel4_IRQHandler                 0x08003923   Thumb Code     0  startup_stm32f10x_md.o(.text)
    DMA1_Channel5_IRQHandler                 0x08003923   Thumb Code     0  startup_stm32f10x_md.o(.text)
    DMA1_Channel6_IRQHandler                 0x08003923   Thumb Code     0  startup_stm32f10x_md.o(.text)
    DMA1_Channel7_IRQHandler                 0x08003923   Thumb Code     0  startup_stm32f10x_md.o(.text)
    EXTI0_IRQHandler                         0x08003923   Thumb Code     0  startup_stm32f10x_md.o(.text)
    EXTI15_10_IRQHandler                     0x08003923   Thumb Code     0  startup_stm32f10x_md.o(.text)
    EXTI1_IRQHandler                         0x08003923   Thumb Code     0  startup_stm32f10x_md.o(.text)
    EXTI2_IRQHandler                         0x08003923   Thumb Code     0  startup_stm32f10x_md.o(.text)
    EXTI3_IRQHandler                         0x08003923   Thumb Code     0  startup_stm32f10x_md.o(.text)
    EXTI4_IRQHandler                         0x08003923   Thumb Code     0  startup_stm32f10x_md.o(.text)
    EXTI9_5_IRQHandler                       0x08003923   Thumb Code     0  startup_stm32f10x_md.o(.text)
    FLASH_IRQHandler                         0x08003923   Thumb Code     0  startup_stm32f10x_md.o(.text)
    I2C1_ER_IRQHandler                       0x08003923   Thumb Code     0  startup_stm32f10x_md.o(.text)
    I2C1_EV_IRQHandler                       0x08003923   Thumb Code     0  startup_stm32f10x_md.o(.text)
    I2C2_ER_IRQHandler                       0x08003923   Thumb Code     0  startup_stm32f10x_md.o(.text)
    I2C2_EV_IRQHandler                       0x08003923   Thumb Code     0  startup_stm32f10x_md.o(.text)
    PVD_IRQHandler                           0x08003923   Thumb Code     0  startup_stm32f10x_md.o(.text)
    RCC_IRQHandler                           0x08003923   Thumb Code     0  startup_stm32f10x_md.o(.text)
    RTCAlarm_IRQHandler                      0x08003923   Thumb Code     0  startup_stm32f10x_md.o(.text)
    RTC_IRQHandler                           0x08003923   Thumb Code     0  startup_stm32f10x_md.o(.text)
    SPI1_IRQHandler                          0x08003923   Thumb Code     0  startup_stm32f10x_md.o(.text)
    SPI2_IRQHandler                          0x08003923   Thumb Code     0  startup_stm32f10x_md.o(.text)
    TAMPER_IRQHandler                        0x08003923   Thumb Code     0  startup_stm32f10x_md.o(.text)
    TIM1_BRK_IRQHandler                      0x08003923   Thumb Code     0  startup_stm32f10x_md.o(.text)
    TIM1_CC_IRQHandler                       0x08003923   Thumb Code     0  startup_stm32f10x_md.o(.text)
    TIM1_TRG_COM_IRQHandler                  0x08003923   Thumb Code     0  startup_stm32f10x_md.o(.text)
    TIM1_UP_IRQHandler                       0x08003923   Thumb Code     0  startup_stm32f10x_md.o(.text)
    TIM2_IRQHandler                          0x08003923   Thumb Code     0  startup_stm32f10x_md.o(.text)
    TIM3_IRQHandler                          0x08003923   Thumb Code     0  startup_stm32f10x_md.o(.text)
    TIM4_IRQHandler                          0x08003923   Thumb Code     0  startup_stm32f10x_md.o(.text)
    USART2_IRQHandler                        0x08003923   Thumb Code     0  startup_stm32f10x_md.o(.text)
    USART3_IRQHandler                        0x08003923   Thumb Code     0  startup_stm32f10x_md.o(.text)
    USBWakeUp_IRQHandler                     0x08003923   Thumb Code     0  startup_stm32f10x_md.o(.text)
    USB_HP_CAN1_TX_IRQHandler                0x08003923   Thumb Code     0  startup_stm32f10x_md.o(.text)
    USB_LP_CAN1_RX0_IRQHandler               0x08003923   Thumb Code     0  startup_stm32f10x_md.o(.text)
    WWDG_IRQHandler                          0x08003923   Thumb Code     0  startup_stm32f10x_md.o(.text)
    __user_initial_stackheap                 0x08003925   Thumb Code     0  startup_stm32f10x_md.o(.text)
    NVIC_PriorityGroupConfig                 0x08003949   Thumb Code    10  misc.o(.text)
    NVIC_Init                                0x08003953   Thumb Code   102  misc.o(.text)
    NVIC_SetVectorTable                      0x080039b9   Thumb Code    14  misc.o(.text)
    NVIC_SystemLPConfig                      0x080039c7   Thumb Code    34  misc.o(.text)
    SysTick_CLKSourceConfig                  0x080039e9   Thumb Code    40  misc.o(.text)
    GPIO_DeInit                              0x08003a25   Thumb Code   172  stm32f10x_gpio.o(.text)
    GPIO_AFIODeInit                          0x08003ad1   Thumb Code    20  stm32f10x_gpio.o(.text)
    GPIO_Init                                0x08003ae5   Thumb Code   274  stm32f10x_gpio.o(.text)
    GPIO_StructInit                          0x08003bf7   Thumb Code    16  stm32f10x_gpio.o(.text)
    GPIO_ReadInputDataBit                    0x08003c07   Thumb Code    18  stm32f10x_gpio.o(.text)
    GPIO_ReadInputData                       0x08003c19   Thumb Code     8  stm32f10x_gpio.o(.text)
    GPIO_ReadOutputDataBit                   0x08003c21   Thumb Code    18  stm32f10x_gpio.o(.text)
    GPIO_ReadOutputData                      0x08003c33   Thumb Code     8  stm32f10x_gpio.o(.text)
    GPIO_SetBits                             0x08003c3b   Thumb Code     4  stm32f10x_gpio.o(.text)
    GPIO_ResetBits                           0x08003c3f   Thumb Code     4  stm32f10x_gpio.o(.text)
    GPIO_WriteBit                            0x08003c43   Thumb Code    10  stm32f10x_gpio.o(.text)
    GPIO_Write                               0x08003c4d   Thumb Code     4  stm32f10x_gpio.o(.text)
    GPIO_PinLockConfig                       0x08003c51   Thumb Code    18  stm32f10x_gpio.o(.text)
    GPIO_EventOutputConfig                   0x08003c63   Thumb Code    26  stm32f10x_gpio.o(.text)
    GPIO_EventOutputCmd                      0x08003c7d   Thumb Code     6  stm32f10x_gpio.o(.text)
    GPIO_PinRemapConfig                      0x08003c83   Thumb Code   138  stm32f10x_gpio.o(.text)
    GPIO_EXTILineConfig                      0x08003d0d   Thumb Code    66  stm32f10x_gpio.o(.text)
    GPIO_ETH_MediaInterfaceConfig            0x08003d4f   Thumb Code     6  stm32f10x_gpio.o(.text)
    RCC_DeInit                               0x08003d7d   Thumb Code    64  stm32f10x_rcc.o(.text)
    RCC_HSEConfig                            0x08003dbd   Thumb Code    70  stm32f10x_rcc.o(.text)
    RCC_GetFlagStatus                        0x08003e03   Thumb Code    56  stm32f10x_rcc.o(.text)
    RCC_WaitForHSEStartUp                    0x08003e3b   Thumb Code    56  stm32f10x_rcc.o(.text)
    RCC_AdjustHSICalibrationValue            0x08003e73   Thumb Code    20  stm32f10x_rcc.o(.text)
    RCC_HSICmd                               0x08003e87   Thumb Code     6  stm32f10x_rcc.o(.text)
    RCC_PLLConfig                            0x08003e8d   Thumb Code    24  stm32f10x_rcc.o(.text)
    RCC_PLLCmd                               0x08003ea5   Thumb Code     6  stm32f10x_rcc.o(.text)
    RCC_SYSCLKConfig                         0x08003eab   Thumb Code    18  stm32f10x_rcc.o(.text)
    RCC_GetSYSCLKSource                      0x08003ebd   Thumb Code    10  stm32f10x_rcc.o(.text)
    RCC_HCLKConfig                           0x08003ec7   Thumb Code    18  stm32f10x_rcc.o(.text)
    RCC_PCLK1Config                          0x08003ed9   Thumb Code    18  stm32f10x_rcc.o(.text)
    RCC_PCLK2Config                          0x08003eeb   Thumb Code    20  stm32f10x_rcc.o(.text)
    RCC_ITConfig                             0x08003eff   Thumb Code    26  stm32f10x_rcc.o(.text)
    RCC_USBCLKConfig                         0x08003f19   Thumb Code     6  stm32f10x_rcc.o(.text)
    RCC_ADCCLKConfig                         0x08003f1f   Thumb Code    18  stm32f10x_rcc.o(.text)
    RCC_LSEConfig                            0x08003f31   Thumb Code    44  stm32f10x_rcc.o(.text)
    RCC_LSICmd                               0x08003f5d   Thumb Code     6  stm32f10x_rcc.o(.text)
    RCC_RTCCLKConfig                         0x08003f63   Thumb Code    12  stm32f10x_rcc.o(.text)
    RCC_RTCCLKCmd                            0x08003f6f   Thumb Code     8  stm32f10x_rcc.o(.text)
    RCC_GetClocksFreq                        0x08003f77   Thumb Code   192  stm32f10x_rcc.o(.text)
    RCC_AHBPeriphClockCmd                    0x08004037   Thumb Code    26  stm32f10x_rcc.o(.text)
    RCC_APB2PeriphClockCmd                   0x08004051   Thumb Code    26  stm32f10x_rcc.o(.text)
    RCC_APB1PeriphClockCmd                   0x0800406b   Thumb Code    26  stm32f10x_rcc.o(.text)
    RCC_APB2PeriphResetCmd                   0x08004085   Thumb Code    26  stm32f10x_rcc.o(.text)
    RCC_APB1PeriphResetCmd                   0x0800409f   Thumb Code    26  stm32f10x_rcc.o(.text)
    RCC_BackupResetCmd                       0x080040b9   Thumb Code     8  stm32f10x_rcc.o(.text)
    RCC_ClockSecuritySystemCmd               0x080040c1   Thumb Code     6  stm32f10x_rcc.o(.text)
    RCC_MCOConfig                            0x080040c7   Thumb Code     6  stm32f10x_rcc.o(.text)
    RCC_ClearFlag                            0x080040cd   Thumb Code    14  stm32f10x_rcc.o(.text)
    RCC_GetITStatus                          0x080040db   Thumb Code    20  stm32f10x_rcc.o(.text)
    RCC_ClearITPendingBit                    0x080040ef   Thumb Code     6  stm32f10x_rcc.o(.text)
    SPI_I2S_DeInit                           0x08004121   Thumb Code    76  stm32f10x_spi.o(.text)
    SPI_Init                                 0x0800416d   Thumb Code    60  stm32f10x_spi.o(.text)
    I2S_Init                                 0x080041a9   Thumb Code   226  stm32f10x_spi.o(.text)
    SPI_StructInit                           0x0800428b   Thumb Code    24  stm32f10x_spi.o(.text)
    I2S_StructInit                           0x080042a3   Thumb Code    20  stm32f10x_spi.o(.text)
    SPI_Cmd                                  0x080042b7   Thumb Code    24  stm32f10x_spi.o(.text)
    I2S_Cmd                                  0x080042cf   Thumb Code    24  stm32f10x_spi.o(.text)
    SPI_I2S_ITConfig                         0x080042e7   Thumb Code    32  stm32f10x_spi.o(.text)
    SPI_I2S_DMACmd                           0x08004307   Thumb Code    18  stm32f10x_spi.o(.text)
    SPI_I2S_SendData                         0x08004319   Thumb Code     4  stm32f10x_spi.o(.text)
    SPI_I2S_ReceiveData                      0x0800431d   Thumb Code     6  stm32f10x_spi.o(.text)
    SPI_NSSInternalSoftwareConfig            0x08004323   Thumb Code    30  stm32f10x_spi.o(.text)
    SPI_SSOutputCmd                          0x08004341   Thumb Code    24  stm32f10x_spi.o(.text)
    SPI_DataSizeConfig                       0x08004359   Thumb Code    18  stm32f10x_spi.o(.text)
    SPI_TransmitCRC                          0x0800436b   Thumb Code    10  stm32f10x_spi.o(.text)
    SPI_CalculateCRC                         0x08004375   Thumb Code    24  stm32f10x_spi.o(.text)
    SPI_GetCRC                               0x0800438d   Thumb Code    16  stm32f10x_spi.o(.text)
    SPI_GetCRCPolynomial                     0x0800439d   Thumb Code     6  stm32f10x_spi.o(.text)
    SPI_BiDirectionalLineConfig              0x080043a3   Thumb Code    28  stm32f10x_spi.o(.text)
    SPI_I2S_GetFlagStatus                    0x080043bf   Thumb Code    18  stm32f10x_spi.o(.text)
    SPI_I2S_ClearFlag                        0x080043d1   Thumb Code     6  stm32f10x_spi.o(.text)
    SPI_I2S_GetITStatus                      0x080043d7   Thumb Code    52  stm32f10x_spi.o(.text)
    SPI_I2S_ClearITPendingBit                0x0800440b   Thumb Code    20  stm32f10x_spi.o(.text)
    USART_DeInit                             0x0800442d   Thumb Code   134  stm32f10x_usart.o(.text)
    USART_Init                               0x080044b3   Thumb Code   210  stm32f10x_usart.o(.text)
    USART_StructInit                         0x08004585   Thumb Code    24  stm32f10x_usart.o(.text)
    USART_ClockInit                          0x0800459d   Thumb Code    34  stm32f10x_usart.o(.text)
    USART_ClockStructInit                    0x080045bf   Thumb Code    12  stm32f10x_usart.o(.text)
    USART_Cmd                                0x080045cb   Thumb Code    24  stm32f10x_usart.o(.text)
    USART_ITConfig                           0x080045e3   Thumb Code    74  stm32f10x_usart.o(.text)
    USART_DMACmd                             0x0800462d   Thumb Code    18  stm32f10x_usart.o(.text)
    USART_SetAddress                         0x0800463f   Thumb Code    18  stm32f10x_usart.o(.text)
    USART_WakeUpConfig                       0x08004651   Thumb Code    18  stm32f10x_usart.o(.text)
    USART_ReceiverWakeUpCmd                  0x08004663   Thumb Code    24  stm32f10x_usart.o(.text)
    USART_LINBreakDetectLengthConfig         0x0800467b   Thumb Code    18  stm32f10x_usart.o(.text)
    USART_LINCmd                             0x0800468d   Thumb Code    24  stm32f10x_usart.o(.text)
    USART_SendData                           0x080046a5   Thumb Code     8  stm32f10x_usart.o(.text)
    USART_ReceiveData                        0x080046ad   Thumb Code    10  stm32f10x_usart.o(.text)
    USART_SendBreak                          0x080046b7   Thumb Code    10  stm32f10x_usart.o(.text)
    USART_SetGuardTime                       0x080046c1   Thumb Code    16  stm32f10x_usart.o(.text)
    USART_SetPrescaler                       0x080046d1   Thumb Code    16  stm32f10x_usart.o(.text)
    USART_SmartCardCmd                       0x080046e1   Thumb Code    24  stm32f10x_usart.o(.text)
    USART_SmartCardNACKCmd                   0x080046f9   Thumb Code    24  stm32f10x_usart.o(.text)
    USART_HalfDuplexCmd                      0x08004711   Thumb Code    24  stm32f10x_usart.o(.text)
    USART_OverSampling8Cmd                   0x08004729   Thumb Code    22  stm32f10x_usart.o(.text)
    USART_OneBitMethodCmd                    0x0800473f   Thumb Code    24  stm32f10x_usart.o(.text)
    USART_IrDAConfig                         0x08004757   Thumb Code    18  stm32f10x_usart.o(.text)
    USART_IrDACmd                            0x08004769   Thumb Code    24  stm32f10x_usart.o(.text)
    USART_GetFlagStatus                      0x08004781   Thumb Code    26  stm32f10x_usart.o(.text)
    USART_ClearFlag                          0x0800479b   Thumb Code    18  stm32f10x_usart.o(.text)
    USART_GetITStatus                        0x080047ad   Thumb Code    84  stm32f10x_usart.o(.text)
    USART_ClearITPendingBit                  0x08004801   Thumb Code    52  stm32f10x_usart.o(.text)
    clust2sect                               0x080049d9   Thumb Code    26  ff.o(.text)
    get_fat                                  0x080049f3   Thumb Code   228  ff.o(.text)
    put_fat                                  0x08004ad7   Thumb Code   314  ff.o(.text)
    gen_numname                              0x08005097   Thumb Code   190  ff.o(.text)
    f_mount                                  0x08005df7   Thumb Code    62  ff.o(.text)
    f_open                                   0x08005e35   Thumb Code   366  ff.o(.text)
    f_read                                   0x08005fa3   Thumb Code   474  ff.o(.text)
    f_write                                  0x0800617d   Thumb Code   546  ff.o(.text)
    f_sync                                   0x0800639f   Thumb Code   182  ff.o(.text)
    f_close                                  0x08006455   Thumb Code    22  ff.o(.text)
    f_chdrive                                0x0800646b   Thumb Code    18  ff.o(.text)
    f_chdir                                  0x0800647d   Thumb Code   104  ff.o(.text)
    f_lseek                                  0x080064e5   Thumb Code   732  ff.o(.text)
    f_opendir                                0x080067c1   Thumb Code   114  ff.o(.text)
    f_readdir                                0x08006833   Thumb Code   102  ff.o(.text)
    f_stat                                   0x08006899   Thumb Code    62  ff.o(.text)
    f_getfree                                0x080068d7   Thumb Code   276  ff.o(.text)
    f_truncate                               0x080069eb   Thumb Code   156  ff.o(.text)
    f_unlink                                 0x08006a87   Thumb Code   202  ff.o(.text)
    f_mkdir                                  0x08006b51   Thumb Code   406  ff.o(.text)
    f_chmod                                  0x08006ce7   Thumb Code   100  ff.o(.text)
    f_utime                                  0x08006d4b   Thumb Code   102  ff.o(.text)
    f_rename                                 0x08006db1   Thumb Code   304  ff.o(.text)
    f_mkfs                                   0x08006ee1   Thumb Code  1522  ff.o(.text)
    f_gets                                   0x080074d3   Thumb Code    78  ff.o(.text)
    f_putc                                   0x08007521   Thumb Code    38  ff.o(.text)
    f_puts                                   0x08007547   Thumb Code    98  ff.o(.text)
    f_printf                                 0x080075a9   Thumb Code   684  ff.o(.text)
    disk_initialize                          0x08007855   Thumb Code    60  diskio.o(.text)
    disk_status                              0x08007891   Thumb Code     6  diskio.o(.text)
    disk_read                                0x08007897   Thumb Code   102  diskio.o(.text)
    disk_write                               0x080078fd   Thumb Code   102  diskio.o(.text)
    disk_ioctl                               0x08007963   Thumb Code   154  diskio.o(.text)
    get_fattime                              0x080079fd   Thumb Code     4  diskio.o(.text)
    ff_convert                               0x08007a05   Thumb Code   140  mycc936.o(.text)
    ff_wtoupper                              0x08007a91   Thumb Code    46  mycc936.o(.text)
    fupd_prog                                0x08007acd   Thumb Code   106  fontupd.o(.text)
    updata_fontx                             0x08007b37   Thumb Code   196  fontupd.o(.text)
    update_font                              0x08007bfb   Thumb Code    96  fontupd.o(.text)
    font_init                                0x08007c5b   Thumb Code    64  fontupd.o(.text)
    Get_HzMat                                0x08007ced   Thumb Code   146  text.o(.text)
    Show_Font                                0x08007d7f   Thumb Code   244  text.o(.text)
    Show_Str                                 0x08007e73   Thumb Code   180  text.o(.text)
    my_strlen                                0x08007f27   Thumb Code    20  text.o(.text)
    my_stradd                                0x08007f3b   Thumb Code    30  text.o(.text)
    Show_Str_Mid                             0x08007f59   Thumb Code    94  text.o(.text)
    __use_no_semihosting                     0x08007fc5   Thumb Code     2  use_no_semi_2.o(.text)
    __2printf                                0x08007fc9   Thumb Code    20  noretval__2printf.o(.text)
    __printf                                 0x08007fe1   Thumb Code   104  __printf.o(.text)
    _printf_str                              0x08008049   Thumb Code    82  _printf_str.o(.text)
    _printf_int_hex                          0x0800809d   Thumb Code    88  _printf_hex_int.o(.text)
    _printf_longlong_hex                     0x0800809d   Thumb Code     0  _printf_hex_int.o(.text)
    __aeabi_memcpy4                          0x080080f9   Thumb Code     0  rt_memcpy_w.o(.text)
    __aeabi_memcpy8                          0x080080f9   Thumb Code     0  rt_memcpy_w.o(.text)
    __rt_memcpy_w                            0x080080f9   Thumb Code   100  rt_memcpy_w.o(.text)
    _memcpy_lastbytes_aligned                0x08008141   Thumb Code     0  rt_memcpy_w.o(.text)
    __use_two_region_memory                  0x0800815d   Thumb Code     2  heapauxi.o(.text)
    __rt_heap_escrow$2region                 0x0800815f   Thumb Code     2  heapauxi.o(.text)
    __rt_heap_expand$2region                 0x08008161   Thumb Code     2  heapauxi.o(.text)
    __I$use$semihosting                      0x08008163   Thumb Code     0  use_no_semi.o(.text)
    __use_no_semihosting_swi                 0x08008163   Thumb Code     2  use_no_semi.o(.text)
    _printf_int_common                       0x08008165   Thumb Code   184  _printf_intcommon.o(.text)
    _printf_cs_common                        0x0800821d   Thumb Code    20  _printf_char.o(.text)
    _printf_char                             0x08008231   Thumb Code    16  _printf_char.o(.text)
    _printf_string                           0x08008241   Thumb Code     8  _printf_char.o(.text)
    _printf_char_file                        0x08008249   Thumb Code    32  _printf_char_file.o(.text)
    _printf_char_common                      0x08008277   Thumb Code    32  _printf_char_common.o(.text)
    ferror                                   0x0800829d   Thumb Code     8  ferror.o(.text)
    __user_setup_stackheap                   0x080082a5   Thumb Code    74  sys_stackheap_outer.o(.text)
    exit                                     0x080082ef   Thumb Code    12  exit.o(.text)
    __user_libspace                          0x080082fd   Thumb Code     8  libspace.o(.text)
    __user_perproc_libspace                  0x080082fd   Thumb Code     0  libspace.o(.text)
    __user_perthread_libspace                0x080082fd   Thumb Code     0  libspace.o(.text)
    LCD_SetCursor                            0x08008305   Thumb Code   192  lcd.o(i.LCD_SetCursor)
    __aeabi_ddiv                             0x080083d1   Thumb Code     0  ddiv.o(x$fpl$ddiv)
    _ddiv                                    0x080083d1   Thumb Code   552  ddiv.o(x$fpl$ddiv)
    __aeabi_d2uiz                            0x08008681   Thumb Code     0  dfixu.o(x$fpl$dfixu)
    _dfixu                                   0x08008681   Thumb Code    90  dfixu.o(x$fpl$dfixu)
    __aeabi_ui2d                             0x080086db   Thumb Code     0  dflt_clz.o(x$fpl$dfltu)
    _dfltu                                   0x080086db   Thumb Code    38  dflt_clz.o(x$fpl$dfltu)
    __fpl_dnaninf                            0x08008701   Thumb Code   156  dnaninf.o(x$fpl$dnaninf)
    __fpl_dretinf                            0x0800879d   Thumb Code    12  dretinf.o(x$fpl$dretinf)
    __fpl_fcmp_Inf                           0x080087a9   Thumb Code    24  fcmpi.o(x$fpl$fcmpinf)
    __aeabi_fdiv                             0x080087c1   Thumb Code     0  fdiv.o(x$fpl$fdiv)
    _fdiv                                    0x080087c1   Thumb Code   384  fdiv.o(x$fpl$fdiv)
    __aeabi_cfcmpeq                          0x08008945   Thumb Code     0  feqf.o(x$fpl$feqf)
    _fcmpeq                                  0x08008945   Thumb Code   104  feqf.o(x$fpl$feqf)
    __aeabi_f2uiz                            0x080089ad   Thumb Code     0  ffixu.o(x$fpl$ffixu)
    _ffixu                                   0x080089ad   Thumb Code    62  ffixu.o(x$fpl$ffixu)
    __aeabi_ui2f                             0x080089ed   Thumb Code     0  fflt_clz.o(x$fpl$ffltu)
    _ffltu                                   0x080089ed   Thumb Code    38  fflt_clz.o(x$fpl$ffltu)
    __aeabi_fmul                             0x08008a15   Thumb Code     0  fmul.o(x$fpl$fmul)
    _fmul                                    0x08008a15   Thumb Code   258  fmul.o(x$fpl$fmul)
    __fpl_fnaninf                            0x08008b17   Thumb Code   140  fnaninf.o(x$fpl$fnaninf)
    __fpl_fretinf                            0x08008ba3   Thumb Code    10  fretinf.o(x$fpl$fretinf)
    __I$use$fp                               0x08008bac   Number         0  usenofp.o(x$fpl$usenofp)
    asc2_1206                                0x08008bac   Data        1140  lcd.o(.constdata)
    asc2_1608                                0x08009020   Data        1520  lcd.o(.constdata)
    Region$$Table$$Base                      0x08009ac0   Number         0  anon$$obj.o(Region$$Table)
    Region$$Table$$Limit                     0x08009ae0   Number         0  anon$$obj.o(Region$$Table)
    SystemCoreClock                          0x20000000   Data           4  system_stm32f10x.o(.data)
    AHBPrescTable                            0x20000004   Data          16  system_stm32f10x.o(.data)
    POINT_COLOR                              0x20000016   Data           2  lcd.o(.data)
    BACK_COLOR                               0x20000018   Data           2  lcd.o(.data)
    DeviceCode                               0x2000001a   Data           2  lcd.o(.data)
    SD_Type                                  0x2000001c   Data           1  mmc_sd.o(.data)
    USART_RX_STA                             0x20000024   Data           1  usart.o(.data)
    __stdout                                 0x20000028   Data           4  usart.o(.data)
    FILE_TYPE_TBL                            0x20000040   Data         312  exfuns.o(.data)
    br                                       0x20000178   Data           4  exfuns.o(.data)
    bw                                       0x2000017c   Data           4  exfuns.o(.data)
    ftinfo                                   0x2000018c   Data          16  fontupd.o(.data)
    GBK16_SDPATH                             0x2000019c   Data           4  fontupd.o(.data)
    UNIGBK_SDPATH                            0x200001a0   Data           4  fontupd.o(.data)
    ADC_Capture_Data                         0x200001a4   Data          14  main.o(.bss)
    SPI_InitStructure                        0x200001b2   Data          18  spi.o(.bss)
    SPI_FLASH_BUF                            0x200001c4   Data        4096  flash.o(.bss)
    USART_RX_BUF                             0x200011c4   Data          64  usart.o(.bss)
    gbkFile                                  0x20001404   Data         552  fontupd.o(.bss)
    temp                                     0x2000162c   Data        1024  fontupd.o(.bss)
    __libspace_start                         0x20001a2c   Data          96  libspace.o(.bss)
    __temporary_stack_top$libspace           0x20001a8c   Data           0  libspace.o(.bss)



==============================================================================

Memory Map of the image

  Image Entry point : 0x080000ed

  Load Region LR_IROM1 (Base: 0x08000000, Size: 0x00009c84, Max: 0x00020000, ABSOLUTE, COMPRESSED[0x00009b54])

    Execution Region ER_IROM1 (Base: 0x08000000, Size: 0x00009ae0, Max: 0x00020000, ABSOLUTE)

    Base Addr    Size         Type   Attr      Idx    E Section Name        Object

    0x08000000   0x000000ec   Data   RO          384    RESET               startup_stm32f10x_md.o
    0x080000ec   0x00000008   Code   RO          686  * !!!main             c_w.l(__main.o)
    0x080000f4   0x00000034   Code   RO          908    !!!scatter          c_w.l(__scatter.o)
    0x08000128   0x0000005a   Code   RO          906    !!dczerorl2         c_w.l(__dczerorl2.o)
    0x08000182   0x00000002   PAD
    0x08000184   0x0000001c   Code   RO          910    !!handler_zi        c_w.l(__scatter_zi.o)
    0x080001a0   0x00000000   Code   RO          677    .ARM.Collect$$_printf_percent$$00000000  c_w.l(_printf_percent.o)
    0x080001a0   0x00000006   Code   RO          676    .ARM.Collect$$_printf_percent$$0000000C  c_w.l(_printf_x.o)
    0x080001a6   0x00000006   Code   RO          675    .ARM.Collect$$_printf_percent$$00000014  c_w.l(_printf_s.o)
    0x080001ac   0x00000004   Code   RO          739    .ARM.Collect$$_printf_percent$$00000017  c_w.l(_printf_percent_end.o)
    0x080001b0   0x00000002   Code   RO          783    .ARM.Collect$$libinit$$00000000  c_w.l(libinit.o)
    0x080001b2   0x00000000   Code   RO          790    .ARM.Collect$$libinit$$00000002  c_w.l(libinit2.o)
    0x080001b2   0x00000000   Code   RO          793    .ARM.Collect$$libinit$$00000008  c_w.l(libinit2.o)
    0x080001b2   0x00000000   Code   RO          795    .ARM.Collect$$libinit$$0000000A  c_w.l(libinit2.o)
    0x080001b2   0x00000000   Code   RO          797    .ARM.Collect$$libinit$$0000000C  c_w.l(libinit2.o)
    0x080001b2   0x00000000   Code   RO          800    .ARM.Collect$$libinit$$0000000F  c_w.l(libinit2.o)
    0x080001b2   0x00000000   Code   RO          802    .ARM.Collect$$libinit$$00000011  c_w.l(libinit2.o)
    0x080001b2   0x00000000   Code   RO          804    .ARM.Collect$$libinit$$00000013  c_w.l(libinit2.o)
    0x080001b2   0x00000000   Code   RO          806    .ARM.Collect$$libinit$$00000015  c_w.l(libinit2.o)
    0x080001b2   0x00000000   Code   RO          808    .ARM.Collect$$libinit$$00000017  c_w.l(libinit2.o)
    0x080001b2   0x00000000   Code   RO          810    .ARM.Collect$$libinit$$00000019  c_w.l(libinit2.o)
    0x080001b2   0x00000000   Code   RO          812    .ARM.Collect$$libinit$$0000001B  c_w.l(libinit2.o)
    0x080001b2   0x00000000   Code   RO          814    .ARM.Collect$$libinit$$0000001D  c_w.l(libinit2.o)
    0x080001b2   0x00000000   Code   RO          816    .ARM.Collect$$libinit$$0000001F  c_w.l(libinit2.o)
    0x080001b2   0x00000000   Code   RO          818    .ARM.Collect$$libinit$$00000021  c_w.l(libinit2.o)
    0x080001b2   0x00000000   Code   RO          820    .ARM.Collect$$libinit$$00000023  c_w.l(libinit2.o)
    0x080001b2   0x00000000   Code   RO          824    .ARM.Collect$$libinit$$0000002A  c_w.l(libinit2.o)
    0x080001b2   0x00000000   Code   RO          826    .ARM.Collect$$libinit$$0000002C  c_w.l(libinit2.o)
    0x080001b2   0x00000000   Code   RO          828    .ARM.Collect$$libinit$$0000002E  c_w.l(libinit2.o)
    0x080001b2   0x00000000   Code   RO          830    .ARM.Collect$$libinit$$00000030  c_w.l(libinit2.o)
    0x080001b2   0x00000002   Code   RO          831    .ARM.Collect$$libinit$$00000031  c_w.l(libinit2.o)
    0x080001b4   0x00000002   Code   RO          849    .ARM.Collect$$libshutdown$$00000000  c_w.l(libshutdown.o)
    0x080001b6   0x00000000   Code   RO          860    .ARM.Collect$$libshutdown$$00000003  c_w.l(libshutdown2.o)
    0x080001b6   0x00000000   Code   RO          863    .ARM.Collect$$libshutdown$$00000006  c_w.l(libshutdown2.o)
    0x080001b6   0x00000000   Code   RO          866    .ARM.Collect$$libshutdown$$00000009  c_w.l(libshutdown2.o)
    0x080001b6   0x00000000   Code   RO          868    .ARM.Collect$$libshutdown$$0000000B  c_w.l(libshutdown2.o)
    0x080001b6   0x00000000   Code   RO          871    .ARM.Collect$$libshutdown$$0000000E  c_w.l(libshutdown2.o)
    0x080001b6   0x00000002   Code   RO          872    .ARM.Collect$$libshutdown$$0000000F  c_w.l(libshutdown2.o)
    0x080001b8   0x00000000   Code   RO          732    .ARM.Collect$$rtentry$$00000000  c_w.l(rtentry.o)
    0x080001b8   0x00000000   Code   RO          752    .ARM.Collect$$rtentry$$00000002  c_w.l(rtentry2.o)
    0x080001b8   0x00000006   Code   RO          764    .ARM.Collect$$rtentry$$00000004  c_w.l(rtentry4.o)
    0x080001be   0x00000000   Code   RO          754    .ARM.Collect$$rtentry$$00000009  c_w.l(rtentry2.o)
    0x080001be   0x00000004   Code   RO          755    .ARM.Collect$$rtentry$$0000000A  c_w.l(rtentry2.o)
    0x080001c2   0x00000000   Code   RO          757    .ARM.Collect$$rtentry$$0000000C  c_w.l(rtentry2.o)
    0x080001c2   0x00000008   Code   RO          758    .ARM.Collect$$rtentry$$0000000D  c_w.l(rtentry2.o)
    0x080001ca   0x00000002   Code   RO          787    .ARM.Collect$$rtexit$$00000000  c_w.l(rtexit.o)
    0x080001cc   0x00000000   Code   RO          833    .ARM.Collect$$rtexit$$00000002  c_w.l(rtexit2.o)
    0x080001cc   0x00000004   Code   RO          834    .ARM.Collect$$rtexit$$00000003  c_w.l(rtexit2.o)
    0x080001d0   0x00000006   Code   RO          835    .ARM.Collect$$rtexit$$00000004  c_w.l(rtexit2.o)
    0x080001d6   0x00000002   PAD
    0x080001d8   0x00000340   Code   RO            1    .text               main.o
    0x08000518   0x0000001a   Code   RO          134    .text               stm32f10x_it.o
    0x08000532   0x00000002   PAD
    0x08000534   0x000001dc   Code   RO          169    .text               system_stm32f10x.o
    0x08000710   0x00000064   Code   RO          187    .text               led.o
    0x08000774   0x000000e4   Code   RO          199    .text               key.o
    0x08000858   0x00002440   Code   RO          212    .text               lcd.o
    0x08002c98   0x000000e0   Code   RO          259    .text               spi.o
    0x08002d78   0x00000574   Code   RO          274    .text               mmc_sd.o
    0x080032ec   0x0000033c   Code   RO          292    .text               flash.o
    0x08003628   0x000000ec   Code   RO          310    .text               ad24.o
    0x08003714   0x000000a8   Code   RO          322    .text               delay.o
    0x080037bc   0x0000000c   Code   RO          336    .text               sys.o
    0x080037c8   0x00000140   Code   RO          348    .text               usart.o
    0x08003908   0x00000040   Code   RO          385    .text               startup_stm32f10x_md.o
    0x08003948   0x000000dc   Code   RO          389    .text               misc.o
    0x08003a24   0x00000358   Code   RO          401    .text               stm32f10x_gpio.o
    0x08003d7c   0x000003a4   Code   RO          425    .text               stm32f10x_rcc.o
    0x08004120   0x0000030c   Code   RO          439    .text               stm32f10x_spi.o
    0x0800442c   0x00000408   Code   RO          451    .text               stm32f10x_usart.o
    0x08004834   0x00003020   Code   RO          516    .text               ff.o
    0x08007854   0x000001b0   Code   RO          535    .text               diskio.o
    0x08007a04   0x000000c8   Code   RO          547    .text               mycc936.o
    0x08007acc   0x00000220   Code   RO          560    .text               fontupd.o
    0x08007cec   0x000002d8   Code   RO          580    .text               text.o
    0x08007fc4   0x00000002   Code   RO          624    .text               c_w.l(use_no_semi_2.o)
    0x08007fc6   0x00000002   PAD
    0x08007fc8   0x00000018   Code   RO          628    .text               c_w.l(noretval__2printf.o)
    0x08007fe0   0x00000068   Code   RO          630    .text               c_w.l(__printf.o)
    0x08008048   0x00000052   Code   RO          632    .text               c_w.l(_printf_str.o)
    0x0800809a   0x00000002   PAD
    0x0800809c   0x0000005c   Code   RO          637    .text               c_w.l(_printf_hex_int.o)
    0x080080f8   0x00000064   Code   RO          680    .text               c_w.l(rt_memcpy_w.o)
    0x0800815c   0x00000006   Code   RO          684    .text               c_w.l(heapauxi.o)
    0x08008162   0x00000002   Code   RO          730    .text               c_w.l(use_no_semi.o)
    0x08008164   0x000000b8   Code   RO          733    .text               c_w.l(_printf_intcommon.o)
    0x0800821c   0x0000002c   Code   RO          735    .text               c_w.l(_printf_char.o)
    0x08008248   0x00000024   Code   RO          737    .text               c_w.l(_printf_char_file.o)
    0x0800826c   0x00000030   Code   RO          766    .text               c_w.l(_printf_char_common.o)
    0x0800829c   0x00000008   Code   RO          768    .text               c_w.l(ferror.o)
    0x080082a4   0x0000004a   Code   RO          772    .text               c_w.l(sys_stackheap_outer.o)
    0x080082ee   0x0000000c   Code   RO          776    .text               c_w.l(exit.o)
    0x080082fa   0x00000002   PAD
    0x080082fc   0x00000008   Code   RO          784    .text               c_w.l(libspace.o)
    0x08008304   0x000000cc   Code   RO          225    i.LCD_SetCursor     lcd.o
    0x080083d0   0x000002b0   Code   RO          689    x$fpl$ddiv          fz_ws.l(ddiv.o)
    0x08008680   0x0000005a   Code   RO          692    x$fpl$dfixu         fz_ws.l(dfixu.o)
    0x080086da   0x00000026   Code   RO          696    x$fpl$dfltu         fz_ws.l(dflt_clz.o)
    0x08008700   0x0000009c   Code   RO          740    x$fpl$dnaninf       fz_ws.l(dnaninf.o)
    0x0800879c   0x0000000c   Code   RO          742    x$fpl$dretinf       fz_ws.l(dretinf.o)
    0x080087a8   0x00000018   Code   RO          744    x$fpl$fcmpinf       fz_ws.l(fcmpi.o)
    0x080087c0   0x00000184   Code   RO          709    x$fpl$fdiv          fz_ws.l(fdiv.o)
    0x08008944   0x00000068   Code   RO          712    x$fpl$feqf          fz_ws.l(feqf.o)
    0x080089ac   0x0000003e   Code   RO          714    x$fpl$ffixu         fz_ws.l(ffixu.o)
    0x080089ea   0x00000002   PAD
    0x080089ec   0x00000026   Code   RO          718    x$fpl$ffltu         fz_ws.l(fflt_clz.o)
    0x08008a12   0x00000002   PAD
    0x08008a14   0x00000102   Code   RO          726    x$fpl$fmul          fz_ws.l(fmul.o)
    0x08008b16   0x0000008c   Code   RO          746    x$fpl$fnaninf       fz_ws.l(fnaninf.o)
    0x08008ba2   0x0000000a   Code   RO          748    x$fpl$fretinf       fz_ws.l(fretinf.o)
    0x08008bac   0x00000000   Code   RO          750    x$fpl$usenofp       fz_ws.l(usenofp.o)
    0x08008bac   0x00000a64   Data   RO          213    .constdata          lcd.o
    0x08009610   0x0000003a   Data   RO          518    .constdata          ff.o
    0x0800964a   0x000003c0   Data   RO          548    .constdata          mycc936.o
    0x08009a0a   0x00000028   Data   RO          638    .constdata          c_w.l(_printf_hex_int.o)
    0x08009a32   0x00000058   Data   RO          489    .conststring        exfuns.o
    0x08009a8a   0x00000034   Data   RO          562    .conststring        fontupd.o
    0x08009abe   0x00000002   PAD
    0x08009ac0   0x00000020   Data   RO          904    Region$$Table       anon$$obj.o


    Execution Region RW_IRAM1 (Base: 0x20000000, Size: 0x00002090, Max: 0x00005000, ABSOLUTE, COMPRESSED[0x00000074])

    Base Addr    Size         Type   Attr      Idx    E Section Name        Object

    0x20000000   0x00000014   Data   RW          170    .data               system_stm32f10x.o
    0x20000014   0x00000001   Data   RW          200    .data               key.o
    0x20000015   0x00000001   PAD
    0x20000016   0x00000006   Data   RW          214    .data               lcd.o
    0x2000001c   0x00000001   Data   RW          275    .data               mmc_sd.o
    0x2000001d   0x00000001   PAD
    0x2000001e   0x00000004   Data   RW          323    .data               delay.o
    0x20000022   0x00000002   PAD
    0x20000024   0x00000008   Data   RW          350    .data               usart.o
    0x2000002c   0x00000014   Data   RW          426    .data               stm32f10x_rcc.o
    0x20000040   0x00000140   Data   RW          490    .data               exfuns.o
    0x20000180   0x0000000b   Data   RW          519    .data               ff.o
    0x2000018b   0x00000001   PAD
    0x2000018c   0x00000018   Data   RW          563    .data               fontupd.o
    0x200001a4   0x0000000e   Zero   RW            2    .bss                main.o
    0x200001b2   0x00000012   Zero   RW          260    .bss                spi.o
    0x200001c4   0x00001000   Zero   RW          293    .bss                flash.o
    0x200011c4   0x00000040   Zero   RW          349    .bss                usart.o
    0x20001204   0x00000200   Zero   RW          517    .bss                ff.o
    0x20001404   0x00000628   Zero   RW          561    .bss                fontupd.o
    0x20001a2c   0x00000060   Zero   RW          785    .bss                c_w.l(libspace.o)
    0x20001a8c   0x00000004   PAD
    0x20001a90   0x00000200   Zero   RW          383    HEAP                startup_stm32f10x_md.o
    0x20001c90   0x00000400   Zero   RW          382    STACK               startup_stm32f10x_md.o


==============================================================================

Image component sizes


      Code (inc. data)   RO Data    RW Data    ZI Data      Debug   Object Name

       236          6          0          0          0       1070   ad24.o
         0          0          0          0          0         32   core_cm3.o
       168          8          0          4          0       1047   delay.o
       432          4          0          0          0       2866   diskio.o
         0          0         88        320          0       3456   exfuns.o
     12320        148         58         11        512      31023   ff.o
       828         16          0          0       4096       4254   flash.o
       544         82         52         24       1576       2932   fontupd.o
       228         30          0          1          0        784   key.o
      9484        156       2660          6          0      13056   lcd.o
       100          8          0          0          0        507   led.o
       832        220          0          0         14     244124   main.o
       220         20          0          0          0       1793   misc.o
      1396         18          0          1          0       5994   mmc_sd.o
       200         14        960          0          0       1573   mycc936.o
       224         12          0          0         18       1273   spi.o
        64         26        236          0       1536        768   startup_stm32f10x_md.o
       856         40          0          0          0       5641   stm32f10x_gpio.o
        26          0          0          0          0       1178   stm32f10x_it.o
       932         44          0         20          0       8812   stm32f10x_rcc.o
       780         14          0          0          0       6522   stm32f10x_spi.o
      1032         22          0          0          0       8364   stm32f10x_usart.o
        12          0          0          0          0        449   sys.o
       476         36          0         20          0       1731   system_stm32f10x.o
       728         14          0          0          0       3192   text.o
       320         18          0          8         64       3126   usart.o

    ----------------------------------------------------------------------
     32440        956       4088        420       7816     355567   Object Totals
         0          0         32          0          0          0   (incl. Generated)
         2          0          2          5          0          0   (incl. Padding)

    ----------------------------------------------------------------------

      Code (inc. data)   RO Data    RW Data    ZI Data      Debug   Library Member Name

        90          0          0          0          0          0   __dczerorl2.o
         8          0          0          0          0         68   __main.o
       104          0          0          0          0         84   __printf.o
        52          8          0          0          0          0   __scatter.o
        28          0          0          0          0          0   __scatter_zi.o
        44          0          0          0          0        108   _printf_char.o
        48          6          0          0          0         96   _printf_char_common.o
        36          4          0          0          0         80   _printf_char_file.o
        92          4         40          0          0         88   _printf_hex_int.o
       184          0          0          0          0         88   _printf_intcommon.o
         0          0          0          0          0          0   _printf_percent.o
         4          0          0          0          0          0   _printf_percent_end.o
         6          0          0          0          0          0   _printf_s.o
        82          0          0          0          0         80   _printf_str.o
         6          0          0          0          0          0   _printf_x.o
        12          0          0          0          0         72   exit.o
         8          0          0          0          0         68   ferror.o
         6          0          0          0          0        152   heapauxi.o
         2          0          0          0          0          0   libinit.o
         2          0          0          0          0          0   libinit2.o
         2          0          0          0          0          0   libshutdown.o
         2          0          0          0          0          0   libshutdown2.o
         8          4          0          0         96         68   libspace.o
        24          4          0          0          0         84   noretval__2printf.o
       100          0          0          0          0         80   rt_memcpy_w.o
         0          0          0          0          0          0   rtentry.o
        12          0          0          0          0          0   rtentry2.o
         6          0          0          0          0          0   rtentry4.o
         2          0          0          0          0          0   rtexit.o
        10          0          0          0          0          0   rtexit2.o
        74          0          0          0          0         80   sys_stackheap_outer.o
         2          0          0          0          0         68   use_no_semi.o
         2          0          0          0          0         68   use_no_semi_2.o
       688        140          0          0          0        208   ddiv.o
        90          4          0          0          0         92   dfixu.o
        38          0          0          0          0         68   dflt_clz.o
       156          4          0          0          0         92   dnaninf.o
        12          0          0          0          0         68   dretinf.o
        24          0          0          0          0         68   fcmpi.o
       388         76          0          0          0         96   fdiv.o
       104          4          0          0          0         84   feqf.o
        62          4          0          0          0         84   ffixu.o
        38          0          0          0          0         68   fflt_clz.o
       258          4          0          0          0         84   fmul.o
       140          4          0          0          0         84   fnaninf.o
        10          0          0          0          0         68   fretinf.o
         0          0          0          0          0          0   usenofp.o

    ----------------------------------------------------------------------
      3080        270         40          0        100       2596   Library Totals
        14          0          0          0          4          0   (incl. Padding)

    ----------------------------------------------------------------------

      Code (inc. data)   RO Data    RW Data    ZI Data      Debug   Library Name

      1058         30         40          0         96       1432   c_w.l
      2008        240          0          0          0       1164   fz_ws.l

    ----------------------------------------------------------------------
      3080        270         40          0        100       2596   Library Totals

    ----------------------------------------------------------------------

==============================================================================


      Code (inc. data)   RO Data    RW Data    ZI Data      Debug   

     35520       1226       4128        420       7916     354731   Grand Totals
     35520       1226       4128        116       7916     354731   ELF Image Totals (compressed)
     35520       1226       4128        116          0          0   ROM Totals

==============================================================================

    Total RO  Size (Code + RO Data)                39648 (  38.72kB)
    Total RW  Size (RW Data + ZI Data)              8336 (   8.14kB)
    Total ROM Size (Code + RO Data + RW Data)      39764 (  38.83kB)

==============================================================================

